<html>
<body>
<pre>
<h1>µVision Build Log</h1>
<h2>Project:</h2>
C:\Users\Isaac\workspace_v6_1\Software\EvalBoards\TI\Tiva C Launchpad EK-TM4C123GXL\OS2\KeilMDK\OS2.uvproj
Project File Date:  03/25/2016

<h2>Output:</h2>
Rebuild target 'FLASH'
compiling app.c...
compiling app_hooks.c...
compiling bsp.c...
compiling bsp_int.c...
compiling bsp_led.c...
..\..\BSP\bsp_led.c(194): warning: C4017W: pins_set may be used before being set
    CPU_INT32U  pins_set;
..\..\BSP\bsp_led.c(193): warning: C4017W: pins_clr may be used before being set
    CPU_INT32U  pins_clr;
..\..\BSP\bsp_led.c: 2 warnings, 0 errors
compiling bsp_sys.c...
compiling cpu_bsp.c...
assembling cstartup.s...
compiling cpu_core.c...
assembling cpu_a.asm...
compiling cpu_c.c...
compiling lib_ascii.c...
compiling lib_math.c...
compiling lib_mem.c...
compiling lib_str.c...
..\..\..\..\..\uC-LIB\lib_str.c(3468): warning: C4017W: nbr_neg_fmtd may be used before being set
    CPU_BOOLEAN   nbr_neg_fmtd;
..\..\..\..\..\uC-LIB\lib_str.c(3454): warning: C4017W: nbr_fmt may be used before being set
    CPU_INT32U    nbr_fmt;
..\..\..\..\..\uC-LIB\lib_str.c: 2 warnings, 0 errors
assembling lib_mem_a.asm...
compiling os_core.c...
compiling os_flag.c...
compiling os_mbox.c...
compiling os_mem.c...
compiling os_mutex.c...
compiling os_q.c...
compiling os_sem.c...
compiling os_task.c...
compiling os_time.c...
compiling os_tmr.c...
assembling os_cpu_a.asm...
compiling os_cpu_c.c...
..\..\..\..\..\uCOS-II\Ports\ARM-Cortex-M4\Generic\RealView\os_cpu_c.c(381): warning:  #223-D: function "OS_CPU_FP_Reg_Push" declared implicitly
          OS_CPU_FP_Reg_Push(OSTCBCur->OSTCBStkPtr);
..\..\..\..\..\uCOS-II\Ports\ARM-Cortex-M4\Generic\RealView\os_cpu_c.c(385): warning:  #223-D: function "OS_CPU_FP_Reg_Pop" declared implicitly
          OS_CPU_FP_Reg_Pop(OSTCBHighRdy->OSTCBStkPtr);
..\..\..\..\..\uCOS-II\Ports\ARM-Cortex-M4\Generic\RealView\os_cpu_c.c: 2 warnings, 0 errors
compiling os_dbg.c...
compiling adc.c...
compiling can.c...
compiling comp.c...
compiling cpu.c...
compiling eeprom.c...
compiling flash.c...
compiling fpu.c...
compiling gpio.c...
compiling hibernate.c...
compiling i2c.c...
compiling interrupt.c...
compiling mpu.c...
compiling pwm.c...
compiling qei.c...
compiling ssi.c...
compiling sw_crc.c...
compiling sysctl.c...
compiling sysexc.c...
compiling systick.c...
compiling timer.c...
compiling uart.c...
compiling udma.c...
compiling usb.c...
compiling watchdog.c...
compiling uartstdio.c...
linking...
Program Size: Code=21066 RO-data=2006 RW-data=1644 ZI-data=9316  
".\Flash\OS2.axf" - 0 Error(s), 6 Warning(s).
Load "C:\\Users\\Isaac\\workspace_v6_1\\Software\\EvalBoards\\TI\\Tiva C Launchpad EK-TM4C123GXL\\OS2\\KeilMDK\\Flash\\OS2.axf" 
Connecting: Mode=JTAG, Speed=1000000Hz
Erase Done.
Programming Done.
Verify OK.
, Speed=1000000Hz
Erase Done.
Programming Done.
Verify OK.
