ARM Linker, 5.03 [Build 76] [MDK-ARM Lite]

==============================================================================

Section Cross References

    app.o(.text) refers to os_mbox.o(.text) for OSMboxPend
    app.o(.text) refers to uartstdio.o(.text) for UARTprintf
    app.o(.text) refers to os_time.o(.text) for OSTimeDlyHMSM
    app.o(.text) refers to bsp.o(.text) for BSP_Init
    app.o(.text) refers to bsp_sys.o(.text) for BSP_SysClkFreqGet
    app.o(.text) refers to os_cpu_c.o(.text) for OS_CPU_SysTickInit
    app.o(.text) refers to cpu_core.o(.text) for CPU_Init
    app.o(.text) refers to os_core.o(.text) for OSStatInit
    app.o(.text) refers to lib_mem.o(.text) for Mem_Init
    app.o(.text) refers to bsp_led.o(.text) for BSP_LED_Toggle
    app.o(.text) refers to os_task.o(.text) for OSTaskCreate
    app.o(.text) refers to cpu_a.o(.text) for CPU_IntDis
    app.o(.text) refers to app.o(.data) for .data
    app.o(.text) refers to app.o(.bss) for .bss
    bsp.o(.text) refers to bsp_int.o(.text) for BSP_IntInit
    bsp.o(.text) refers to bsp_sys.o(.text) for BSP_SysInit
    bsp.o(.text) refers to bsp_led.o(.text) for BSP_LED_Init
    bsp.o(.text) refers to sysctl.o(.text) for SysCtlPeripheralEnable
    bsp.o(.text) refers to gpio.o(.text) for GPIOPinConfigure
    bsp.o(.text) refers to uartstdio.o(.text) for UARTStdioConfig
    bsp.o(.text) refers to printf1.o(i.__0sprintf$1) for __2sprintf
    bsp_int.o(.text) refers to cpu_c.o(.text) for CPU_IntSrcDis
    bsp_int.o(.text) refers to cpu_a.o(.text) for CPU_IntDis
    bsp_int.o(.text) refers to os_core.o(.text) for OSIntEnter
    bsp_int.o(.text) refers to bsp_int.o(.bss) for .bss
    bsp_sys.o(.text) refers to sysctl.o(.text) for SysCtlClockSet
    cpu_bsp.o(.text) refers to bsp_sys.o(.text) for BSP_SysClkFreqGet
    cpu_bsp.o(.text) refers to cpu_core.o(.text) for CPU_TS_TmrFreqSet
    cpu_bsp.o(.text) refers to uldiv.o(.text) for __aeabi_uldivmod
    cstartup.o(RESET) refers to cstartup.o(STACK) for __initial_sp
    cstartup.o(RESET) refers to cstartup.o(.text) for Reset_Handler
    cstartup.o(RESET) refers to os_cpu_a.o(.text) for OS_CPU_PendSVHandler
    cstartup.o(RESET) refers to os_cpu_c.o(.text) for OS_CPU_SysTickHandler
    cstartup.o(RESET) refers to bsp_int.o(.text) for BSP_IntHandlerGPIOA
    cstartup.o(.text) refers to entry.o(.ARM.Collect$$$$00000000) for __main
    cpu_core.o(.text) refers to cpu_a.o(.text) for CPU_SR_Save
    cpu_core.o(.text) refers to lib_mem.o(.text) for Mem_Clr
    cpu_core.o(.text) refers to cpu_bsp.o(.text) for CPU_TS_TmrInit
    cpu_core.o(.text) refers to lib_str.o(.text) for Str_Copy_N
    cpu_core.o(.text) refers to cpu_core.o(.bss) for .bss
    cpu_core.o(.text) refers to cpu_core.o(.data) for .data
    cpu_core.o(.text) refers to cpu_core.o(.constdata) for .constdata
    cpu_c.o(.text) refers to cpu_a.o(.text) for CPU_SR_Save
    lib_math.o(.text) refers to cpu_a.o(.text) for CPU_SR_Save
    lib_math.o(.text) refers to lib_math.o(.data) for .data
    lib_mem.o(.text) refers to lib_mem_a.o(.text) for Mem_Copy
    lib_mem.o(.text) refers to cpu_core.o(.text) for CPU_SW_Exception
    lib_mem.o(.text) refers to cpu_a.o(.text) for CPU_SR_Save
    lib_mem.o(.text) refers to lib_mem.o(.bss) for .bss
    lib_mem.o(.text) refers to lib_mem.o(.data) for .data
    lib_str.o(.text) refers to lib_ascii.o(.text) for ASCII_ToLower
    lib_str.o(.text) refers to lib_str.o(.constdata) for .constdata
    os_core.o(.text) refers to os_cpu_a.o(.text) for OS_CPU_SR_Save
    os_core.o(.text) refers to os_task.o(.text) for OSTaskStkChk
    os_core.o(.text) refers to os_time.o(.text) for OSTimeDly
    os_core.o(.text) refers to os_cpu_c.o(.text) for OSTaskStatHook
    os_core.o(.text) refers to os_flag.o(.text) for OS_FlagInit
    os_core.o(.text) refers to os_mem.o(.text) for OS_MemInit
    os_core.o(.text) refers to os_core.o(.data) for .data
    os_core.o(.text) refers to os_core.o(.bss) for .bss
    os_core.o(.text) refers to os_dbg.o(.text) for OSDebugInit
    os_core.o(.text) refers to os_core.o(.constdata) for .constdata
    os_flag.o(.text) refers to os_cpu_a.o(.text) for OS_CPU_SR_Save
    os_flag.o(.text) refers to os_core.o(.text) for OS_Sched
    os_flag.o(.text) refers to os_core.o(.data) for OSIntNesting
    os_flag.o(.text) refers to os_core.o(.data) for OSFlagFreeList
    os_flag.o(.text) refers to os_core.o(.bss) for OSFlagTbl
    os_mbox.o(.text) refers to os_cpu_a.o(.text) for OS_CPU_SR_Save
    os_mbox.o(.text) refers to os_core.o(.text) for OS_EventWaitListInit
    os_mbox.o(.text) refers to os_core.o(.data) for OSIntNesting
    os_mem.o(.text) refers to os_cpu_a.o(.text) for OS_CPU_SR_Save
    os_mem.o(.text) refers to os_core.o(.text) for OS_StrLen
    os_mem.o(.text) refers to os_core.o(.data) for OSMemFreeList
    os_mem.o(.text) refers to os_core.o(.data) for OSIntNesting
    os_mem.o(.text) refers to os_core.o(.bss) for OSMemTbl
    os_mutex.o(.text) refers to os_cpu_a.o(.text) for OS_CPU_SR_Save
[...]


==============================================================================

Removing Unused input sections from the image.

    Removing cstartup.o(HEAP), (0 bytes).
    Removing cpu_core.o(.constdata), (4 bytes).
    Removing lib_math.o(.text), (80 bytes).
    Removing lib_math.o(.data), (4 bytes).
    Removing os_mutex.o(.text), (1336 bytes).
    Removing os_sem.o(.text), (784 bytes).
    Removing os_dbg.o(.constdata), (96 bytes).
    Removing os_dbg.o(.constdata), (2 bytes).
    Removing os_dbg.o(.constdata), (2 bytes).
    Removing os_dbg.o(.constdata), (2 bytes).
    Removing os_dbg.o(.constdata), (2 bytes).
    Removing os_dbg.o(.constdata), (2 bytes).
    Removing os_dbg.o(.constdata), (2 bytes).
    Removing os_dbg.o(.constdata), (2 bytes).
    Removing os_dbg.o(.constdata), (2 bytes).
    Removing os_dbg.o(.constdata), (2 bytes).
    Removing os_dbg.o(.constdata), (2 bytes).
    Removing adc.o(.text), (732 bytes).
    Removing adc.o(.data), (3 bytes).
    Removing can.o(.text), (1296 bytes).
    Removing can.o(.constdata), (32 bytes).
    Removing comp.o(.text), (146 bytes).
    Removing eeprom.o(.text), (768 bytes).
    Removing flash.o(.text), (440 bytes).
    Removing flash.o(.constdata), (32 bytes).
    Removing fpu.o(.text), (136 bytes).
    Removing hibernate.o(.text), (564 bytes).
    Removing i2c.o(.text), (572 bytes).
    Removing i2c.o(.constdata), (48 bytes).
    Removing mpu.o(.text), (168 bytes).
    Removing pwm.o(.text), (676 bytes).
    Removing qei.o(.text), (232 bytes).
    Removing ssi.o(.text), (296 bytes).
    Removing ssi.o(.constdata), (32 bytes).
    Removing sw_crc.o(.text), (696 bytes).
    Removing sw_crc.o(.constdata), (1792 bytes).
    Removing sysctl.o(.data), (4 bytes).
    Removing sysctl.o(.data), (4 bytes).
    Removing sysctl.o(.data), (4 bytes).
    Removing sysctl.o(.data), (4 bytes).
    Removing sysctl.o(.data), (1 bytes).
    Removing sysexc.o(.text), (124 bytes).
    Removing systick.o(.text), (126 bytes).
    Removing timer.o(.text), (528 bytes).
    Removing timer.o(.constdata), (96 bytes).
    Removing udma.o(.text), (680 bytes).
    Removing usb.o(.text), (2204 bytes).
    Removing watchdog.o(.text), (188 bytes).
    Removing dadd.o(.text), (334 bytes).
    Removing dmul.o(.text), (228 bytes).
    Removing ddiv.o(.text), (222 bytes).
    Removing dfixul.o(.text), (48 bytes).
    Removing cdrcmple.o(.text), (40 bytes).
    Removing depilogue.o(.text), (190 bytes).

54 unused section(s) (total 16010 bytes) removed from the image.

==============================================================================

Image Symbol Table

    Local Symbols

    Symbol Name                              Value     Ov Type        Size  Object(Section)

    RESET                                    0x00000000   Section      512  cstartup.o(RESET)
    ../clib/../cmprslib/zerorunl.c           0x00000000   Number         0  __dczerorl.o ABSOLUTE
    ../clib/microlib/division.c              0x00000000   Number         0  uidiv.o ABSOLUTE
    ../clib/microlib/division.c              0x00000000   Number         0  uldiv.o ABSOLUTE
    ../clib/microlib/init/entry.s            0x00000000   Number         0  entry2.o ABSOLUTE
    ../clib/microlib/init/entry.s            0x00000000   Number         0  entry10b.o ABSOLUTE
    ../clib/microlib/init/entry.s            0x00000000   Number         0  entry5.o ABSOLUTE
    ../clib/microlib/init/entry.s            0x00000000   Number         0  entry7a.o ABSOLUTE
    ../clib/microlib/init/entry.s            0x00000000   Number         0  entry7b.o ABSOLUTE
    ../clib/microlib/init/entry.s            0x00000000   Number         0  entry8a.o ABSOLUTE
    ../clib/microlib/init/entry.s            0x00000000   Number         0  entry8b.o ABSOLUTE
    ../clib/microlib/init/entry.s            0x00000000   Number         0  entry9a.o ABSOLUTE
    ../clib/microlib/init/entry.s            0x00000000   Number         0  entry11b.o ABSOLUTE
    ../clib/microlib/init/entry.s            0x00000000   Number         0  entry9b.o ABSOLUTE
    ../clib/microlib/init/entry.s            0x00000000   Number         0  entry10a.o ABSOLUTE
    ../clib/microlib/init/entry.s            0x00000000   Number         0  entry11a.o ABSOLUTE
    ../clib/microlib/init/entry.s            0x00000000   Number         0  entry.o ABSOLUTE
    ../clib/microlib/longlong.c              0x00000000   Number         0  llushr.o ABSOLUTE
    ../clib/microlib/longlong.c              0x00000000   Number         0  llshl.o ABSOLUTE
    ../clib/microlib/longlong.c              0x00000000   Number         0  llsshr.o ABSOLUTE
    ../clib/microlib/printf/printf.c         0x00000000   Number         0  printf1.o ABSOLUTE
    ../clib/microlib/printf/printf.c         0x00000000   Number         0  printf2.o ABSOLUTE
    ../clib/microlib/printf/printf.c         0x00000000   Number         0  printf3.o ABSOLUTE
    ../clib/microlib/printf/printf.c         0x00000000   Number         0  printf4.o ABSOLUTE
    ../clib/microlib/printf/printf.c         0x00000000   Number         0  printf5.o ABSOLUTE
    ../clib/microlib/printf/printf.c         0x00000000   Number         0  printf6.o ABSOLUTE
    ../clib/microlib/printf/printf.c         0x00000000   Number         0  printf7.o ABSOLUTE
    ../clib/microlib/printf/printf.c         0x00000000   Number         0  printf8.o ABSOLUTE
    ../clib/microlib/printf/printf.c         0x00000000   Number         0  printfa.o ABSOLUTE
    ../clib/microlib/printf/printf.c         0x00000000   Number         0  printf0.o ABSOLUTE
    ../clib/microlib/printf/printf.c         0x00000000   Number         0  printfb.o ABSOLUTE
    ../clib/microlib/printf/stubs.s          0x00000000   Number         0  stubs.o ABSOLUTE
    ../clib/microlib/stdio/fputc.c           0x00000000   Number         0  fputc.o ABSOLUTE
    ../clib/microlib/stdio/semi.s            0x00000000   Number         0  semi.o ABSOLUTE
    ../clib/microlib/stdio/streams.c         0x00000000   Number         0  stdout.o ABSOLUTE
    ../clib/microlib/stubs.s                 0x00000000   Number         0  iusefp.o ABSOLUTE
    ../clib/microlib/stubs.s                 0x00000000   Number         0  iusesemip.o ABSOLUTE
    ../fplib/microlib/fpadd.c                0x00000000   Number         0  dadd.o ABSOLUTE
    ../fplib/microlib/fpdiv.c                0x00000000   Number         0  ddiv.o ABSOLUTE
    ../fplib/microlib/fpepilogue.c           0x00000000   Number         0  depilogue.o ABSOLUTE
    ../fplib/microlib/fpfix.c                0x00000000   Number         0  dfixul.o ABSOLUTE
    ../fplib/microlib/fpmul.c                0x00000000   Number         0  dmul.o ABSOLUTE
    ..\..\..\..\..\uC-CPU\ARM-Cortex-M4\RealView\cpu_a.asm 0x00000000   Number         0  cpu_a.o ABSOLUTE
    ..\..\..\..\..\uC-CPU\ARM-Cortex-M4\RealView\cpu_c.c 0x00000000   Number         0  cpu_c.o ABSOLUTE
    ..\..\..\..\..\uC-CPU\cpu_core.c         0x00000000   Number         0  cpu_core.o ABSOLUTE
    ..\..\..\..\..\uC-LIB\Ports\ARM-Cortex-M4\RealView\lib_mem_a.asm 0x00000000   Number         0  lib_mem_a.o ABSOLUTE
    ..\..\..\..\..\uC-LIB\lib_ascii.c        0x00000000   Number         0  lib_ascii.o ABSOLUTE
    ..\..\..\..\..\uC-LIB\lib_math.c         0x00000000   Number         0  lib_math.o ABSOLUTE
    ..\..\..\..\..\uC-LIB\lib_mem.c          0x00000000   Number         0  lib_mem.o ABSOLUTE
    ..\..\..\..\..\uC-LIB\lib_str.c          0x00000000   Number         0  lib_str.o ABSOLUTE
    ..\..\..\..\..\uCOS-II\Ports\ARM-Cortex-M4\Generic\RealView\os_cpu_a.asm 0x00000000   Number         0  os_cpu_a.o ABSOLUTE
    ..\..\..\..\..\uCOS-II\Ports\ARM-Cortex-M4\Generic\RealView\os_cpu_c.c 0x00000000   Number         0  os_cpu_c.o ABSOLUTE
    ..\..\..\..\..\uCOS-II\Ports\ARM-Cortex-M4\Generic\RealView\os_dbg.c 0x00000000   Number         0  os_dbg.o ABSOLUTE
    ..\..\..\..\..\uCOS-II\Source\os_core.c  0x00000000   Number         0  os_core.o ABSOLUTE
    ..\..\..\..\..\uCOS-II\Source\os_flag.c  0x00000000   Number         0  os_flag.o ABSOLUTE
    ..\..\..\..\..\uCOS-II\Source\os_mbox.c  0x00000000   Number         0  os_mbox.o ABSOLUTE
    ..\..\..\..\..\uCOS-II\Source\os_mem.c   0x00000000   Number         0  os_mem.o ABSOLUTE
    ..\..\..\..\..\uCOS-II\Source\os_mutex.c 0x00000000   Number         0  os_mutex.o ABSOLUTE
    ..\..\..\..\..\uCOS-II\Source\os_q.c     0x00000000   Number         0  os_q.o ABSOLUTE
    ..\..\..\..\..\uCOS-II\Source\os_sem.c   0x00000000   Number         0  os_sem.o ABSOLUTE
    ..\..\..\..\..\uCOS-II\Source\os_task.c  0x00000000   Number         0  os_task.o ABSOLUTE
    ..\..\..\..\..\uCOS-II\Source\os_time.c  0x00000000   Number         0  os_time.o ABSOLUTE
    ..\..\..\..\..\uCOS-II\Source\os_tmr.c   0x00000000   Number         0  os_tmr.o ABSOLUTE
    ..\..\BSP\KeilMDK\cstartup.s             0x00000000   Number         0  cstartup.o ABSOLUTE
    ..\..\BSP\bsp.c                          0x00000000   Number         0  bsp.o ABSOLUTE
    ..\..\BSP\bsp_int.c                      0x00000000   Number         0  bsp_int.o ABSOLUTE
    ..\..\BSP\bsp_led.c                      0x00000000   Number         0  bsp_led.o ABSOLUTE
    ..\..\BSP\bsp_sys.c                      0x00000000   Number         0  bsp_sys.o ABSOLUTE
    ..\..\BSP\cpu_bsp.c                      0x00000000   Number         0  cpu_bsp.o ABSOLUTE
    ..\..\BSP\driverlib\adc.c                0x00000000   Number         0  adc.o ABSOLUTE
    ..\..\BSP\driverlib\can.c                0x00000000   Number         0  can.o ABSOLUTE
    ..\..\BSP\driverlib\comp.c               0x00000000   Number         0  comp.o ABSOLUTE
    ..\..\BSP\driverlib\cpu.c                0x00000000   Number         0  cpu.o ABSOLUTE
    ..\..\BSP\driverlib\eeprom.c             0x00000000   Number         0  eeprom.o ABSOLUTE
    ..\..\BSP\driverlib\flash.c              0x00000000   Number         0  flash.o ABSOLUTE
    ..\..\BSP\driverlib\fpu.c                0x00000000   Number         0  fpu.o ABSOLUTE
    ..\..\BSP\driverlib\gpio.c               0x00000000   Number         0  gpio.o ABSOLUTE
    ..\..\BSP\driverlib\hibernate.c          0x00000000   Number         0  hibernate.o ABSOLUTE
    ..\..\BSP\driverlib\i2c.c                0x00000000   Number         0  i2c.o ABSOLUTE
    ..\..\BSP\driverlib\interrupt.c          0x00000000   Number         0  interrupt.o ABSOLUTE
    ..\..\BSP\driverlib\mpu.c                0x00000000   Number         0  mpu.o ABSOLUTE
    ..\..\BSP\driverlib\pwm.c                0x00000000   Number         0  pwm.o ABSOLUTE
    ..\..\BSP\driverlib\qei.c                0x00000000   Number         0  qei.o ABSOLUTE
    ..\..\BSP\driverlib\ssi.c                0x00000000   Number         0  ssi.o ABSOLUTE
    ..\..\BSP\driverlib\sw_crc.c             0x00000000   Number         0  sw_crc.o ABSOLUTE
    ..\..\BSP\driverlib\sysctl.c             0x00000000   Number         0  sysctl.o ABSOLUTE
    ..\..\BSP\driverlib\sysexc.c             0x00000000   Number         0  sysexc.o ABSOLUTE
    ..\..\BSP\driverlib\systick.c            0x00000000   Number         0  systick.o ABSOLUTE
    ..\..\BSP\driverlib\timer.c              0x00000000   Number         0  timer.o ABSOLUTE
    ..\..\BSP\driverlib\uart.c               0x00000000   Number         0  uart.o ABSOLUTE
    ..\..\BSP\driverlib\udma.c               0x00000000   Number         0  udma.o ABSOLUTE
    ..\..\BSP\driverlib\usb.c                0x00000000   Number         0  usb.o ABSOLUTE
    ..\..\BSP\driverlib\watchdog.c           0x00000000   Number         0  watchdog.o ABSOLUTE
    ..\..\BSP\utils\uartstdio.c              0x00000000   Number         0  uartstdio.o ABSOLUTE
    ..\\..\\BSP\\driverlib\\cpu.c            0x00000000   Number         0  cpu.o ABSOLUTE
    ..\\..\\BSP\\driverlib\\sysctl.c         0x00000000   Number         0  sysctl.o ABSOLUTE
    ..\app.c                                 0x00000000   Number         0  app.o ABSOLUTE
    ..\app_hooks.c                           0x00000000   Number         0  app_hooks.o ABSOLUTE
    cdrcmple.s                               0x00000000   Number         0  cdrcmple.o ABSOLUTE
    dc.s                                     0x00000000   Number         0  dc.o ABSOLUTE
    handlers.s                               0x00000000   Number         0  handlers.o ABSOLUTE
    init.s                                   0x00000000   Number         0  init.o ABSOLUTE
    .ARM.Collect$$$$00000000                 0x00000200   Section        0  entry.o(.ARM.Collect$$$$00000000)
    .ARM.Collect$$$$00000001                 0x00000200   Section        4  entry2.o(.ARM.Collect$$$$00000001)
    .ARM.Collect$$$$00000004                 0x00000204   Section        4  entry5.o(.ARM.Collect$$$$00000004)
    .ARM.Collect$$$$00000008                 0x00000208   Section        0  entry7b.o(.ARM.Collect$$$$00000008)
    .ARM.Collect$$$$0000000A                 0x00000208   Section        0  entry8b.o(.ARM.Collect$$$$0000000A)
    .ARM.Collect$$$$0000000B                 0x00000208   Section        8  entry9a.o(.ARM.Collect$$$$0000000B)
    .ARM.Collect$$$$0000000D                 0x00000210   Section        0  entry10a.o(.ARM.Collect$$$$0000000D)
    .ARM.Collect$$$$0000000F                 0x00000210   Section        0  entry11a.o(.ARM.Collect$$$$0000000F)
    .ARM.Collect$$$$00002712                 0x00000210   Section        4  entry2.o(.ARM.Collect$$$$00002712)
    __lit__00000000                          0x00000210   Data           4  entry2.o(.ARM.Collect$$$$00002712)
    .emb_text                                0x00000214   Section       38  cpu.o(.emb_text)
    $v0                                      0x00000214   Number         0  cpu.o(.emb_text)
    .emb_text                                0x0000023c   Section        6  sysctl.o(.emb_text)
    $v0                                      0x0000023c   Number         0  sysctl.o(.emb_text)
    .text                                    0x00000244   Section        0  app.o(.text)
    Task2                                    0x00000245   Thumb Code    40  app.o(.text)
    Task1                                    0x0000026d   Thumb Code    50  app.o(.text)
    AppTaskStart                             0x0000029f   Thumb Code   172  app.o(.text)
    .text                                    0x000003c8   Section        0  app_hooks.o(.text)
    .text                                    0x000003d8   Section        0  bsp.o(.text)
    .text                                    0x00000480   Section        0  bsp_int.o(.text)
    BSP_IntHandlerDummy                      0x000004c1   Thumb Code     2  bsp_int.o(.text)
    .text                                    0x000006c8   Section        0  bsp_led.o(.text)
    .text                                    0x00000790   Section        0  bsp_sys.o(.text)
    .text                                    0x000007a0   Section        0  cpu_bsp.o(.text)
    .text                                    0x000007f8   Section       24  cstartup.o(.text)
    $v0                                      0x000007f8   Number         0  cstartup.o(.text)
    .text                                    0x00000810   Section        0  cpu_core.o(.text)
    .text                                    0x000009d0   Section       52  cpu_a.o(.text)
    $v0                                      0x000009d0   Number         0  cpu_a.o(.text)
    .text                                    0x00000a04   Section        0  cpu_c.o(.text)
    .text                                    0x00000d78   Section        0  lib_ascii.o(.text)
    .text                                    0x00000ed4   Section        0  lib_mem.o(.text)
    Mem_SegAlloc                             0x0000105b   Thumb Code    52  lib_mem.o(.text)
    Mem_SegCalcTotSize                       0x0000108f   Thumb Code   108  lib_mem.o(.text)
    Mem_PoolBlkIsValidAddr                   0x00001653   Thumb Code    70  lib_mem.o(.text)
    .text                                    0x00001828   Section        0  lib_str.o(.text)
    Str_FmtNbr_Int32                         0x00001ac7   Thumb Code   338  lib_str.o(.text)
    Str_ParseNbr_Int32                       0x00001c59   Thumb Code   308  lib_str.o(.text)
    .text                                    0x00001dc8   Section      544  lib_mem_a.o(.text)
    $v0                                      0x00001dc8   Number         0  lib_mem_a.o(.text)
    .text                                    0x00001fe8   Section        0  os_core.o(.text)
    OS_SchedNew                              0x000027e9   Thumb Code    60  os_core.o(.text)
    OS_InitEventList                         0x00002825   Thumb Code    78  os_core.o(.text)
    OS_InitTCBList                           0x00002873   Thumb Code   100  os_core.o(.text)
    OS_InitMisc                              0x000028d7   Thumb Code    28  os_core.o(.text)
    .text                                    0x00002904   Section        0  os_flag.o(.text)
    OS_FlagTaskRdy                           0x00002a03   Thumb Code    68  os_flag.o(.text)
    OS_FlagBlock                             0x00002b79   Thumb Code    84  os_flag.o(.text)
    .text                                    0x00002e90   Section        0  os_mbox.o(.text)
    .text                                    0x000031e4   Section        0  os_mem.o(.text)
    .text                                    0x00003370   Section        0  os_task.o(.text)
    .text                                    0x00003a60   Section        0  os_time.o(.text)
    .text                                    0x00003bbc   Section      220  os_cpu_a.o(.text)
    $v0                                      0x00003bbc   Number         0  os_cpu_a.o(.text)
    .text                                    0x00003c98   Section        0  os_cpu_c.o(.text)
    .text                                    0x00003f00   Section        0  os_dbg.o(.text)
    .text                                    0x00003f04   Section        0  gpio.o(.text)
    _GPIOIntNumberGet                        0x00004411   Thumb Code    36  gpio.o(.text)
    .text                                    0x0000443c   Section        0  interrupt.o(.text)
    _IntDefaultHandler                       0x0000443d   Thumb Code     2  interrupt.o(.text)
    .text                                    0x000046a4   Section        0  sysctl.o(.text)
    .text                                    0x00004c04   Section        0  uart.o(.text)
    _UARTIntNumberGet                        0x00004e91   Thumb Code    34  uart.o(.text)
    .text                                    0x00004eb8   Section        0  uartstdio.o(.text)
    .text                                    0x00005178   Section        0  uldiv.o(.text)
    .text                                    0x000051da   Section        0  uidiv.o(.text)
    .text                                    0x00005206   Section        0  llshl.o(.text)
    .text                                    0x00005224   Section        0  llushr.o(.text)
    .text                                    0x00005244   Section       36  init.o(.text)
    .text                                    0x00005268   Section        0  __dczerorl.o(.text)
    i.__0sprintf$1                           0x000052a4   Section        0  printf1.o(i.__0sprintf$1)
    i.__scatterload_copy                     0x000052cc   Section       14  handlers.o(i.__scatterload_copy)
    i.__scatterload_null                     0x000052da   Section        2  handlers.o(i.__scatterload_null)
    i.__scatterload_zeroinit                 0x000052dc   Section       14  handlers.o(i.__scatterload_zeroinit)
    i._printf_core                           0x000052ec   Section        0  printf1.o(i._printf_core)
    _printf_core                             0x000052ed   Thumb Code   334  printf1.o(i._printf_core)
    i._sputc                                 0x00005440   Section        0  printf1.o(i._sputc)
    _sputc                                   0x00005441   Thumb Code    10  printf1.o(i._sputc)
    .constdata                               0x0000544a   Section      256  cpu_core.o(.constdata)
    CPU_CntLeadZerosTbl                      0x0000544a   Data         256  cpu_core.o(.constdata)
    .constdata                               0x0000554c   Section      148  lib_str.o(.constdata)
    Str_MultOvfThTbl_Int32U                  0x0000554c   Data         148  lib_str.o(.constdata)
    .constdata                               0x000055e0   Section      256  os_core.o(.constdata)
    .constdata                               0x000056e0   Section      312  gpio.o(.constdata)
    g_ppui32GPIOIntMapBlizzard               0x000056e0   Data         192  gpio.o(.constdata)
    g_pui32GPIOBaseAddrs                     0x000057a0   Data         120  gpio.o(.constdata)
    .constdata                               0x00005818   Section      268  interrupt.o(.constdata)
    g_pui32Priority                          0x00005818   Data          32  interrupt.o(.constdata)
    g_pui32Regs                              0x00005838   Data         156  interrupt.o(.constdata)
    g_pui32EnRegs                            0x000058d4   Data          20  interrupt.o(.constdata)
    g_pui32Dii16Regs                         0x000058e8   Data          20  interrupt.o(.constdata)
    g_pui32PendRegs                          0x000058fc   Data          20  interrupt.o(.constdata)
    g_pui32UnpendRegs                        0x00005910   Data          20  interrupt.o(.constdata)
    .constdata                               0x00005924   Section      108  sysctl.o(.constdata)
    g_pui32Xtals                             0x00005924   Data         108  sysctl.o(.constdata)
    .constdata                               0x00005990   Section       64  uart.o(.constdata)
    g_ppui32UARTIntMap                       0x00005990   Data          64  uart.o(.constdata)
    .constdata                               0x000059d0   Section       28  uartstdio.o(.constdata)
    g_pcHex                                  0x000059d0   Data           4  uartstdio.o(.constdata)
    g_ui32UARTBase                           0x000059d4   Data          12  uartstdio.o(.constdata)
    g_ui32UARTPeriph                         0x000059e0   Data          12  uartstdio.o(.constdata)
    .conststring                             0x000059ec   Section       17  uartstdio.o(.conststring)
    .data                                    0x20000000   Section        8  app.o(.data)
    AckMbox                                  0x20000000   Data           4  app.o(.data)
    TxMbox                                   0x20000004   Data           4  app.o(.data)
    .data                                    0x20000008   Section        4  cpu_core.o(.data)
    .data                                    0x2000000c   Section        4  lib_mem.o(.data)
    .data                                    0x20000010   Section       60  os_core.o(.data)
    .data                                    0x2000004c   Section        4  os_core.o(.data)
    .data                                    0x20000050   Section        4  os_core.o(.data)
    .data                                    0x20000054   Section        4  os_cpu_c.o(.data)
    .data                                    0x20000058   Section        8  uartstdio.o(.data)
    bLastWasCR                               0x20000058   Data           1  uartstdio.o(.data)
    g_ui32Base                               0x2000005c   Data           4  uartstdio.o(.data)
    vtable                                   0x20000400   Section      620  interrupt.o(vtable)
    g_pfnRAMVectors                          0x20000400   Data         620  interrupt.o(vtable)
    .bss                                     0x2000066c   Section     3072  app.o(.bss)
    AppTaskStartStk                          0x2000066c   Data        1024  app.o(.bss)
    Task1Stk                                 0x20000a6c   Data        1024  app.o(.bss)
    Task2Stk                                 0x20000e6c   Data        1024  app.o(.bss)
    .bss                                     0x2000126c   Section      448  bsp_int.o(.bss)
    BSP_IntVectTbl                           0x2000126c   Data         448  bsp_int.o(.bss)
    .bss                                     0x2000142c   Section       16  cpu_core.o(.bss)
    .bss                                     0x2000143c   Section     1096  lib_mem.o(.bss)
    .bss                                     0x20001884   Section     3456  os_core.o(.bss)
    .bss                                     0x20002604   Section       80  os_core.o(.bss)
    .bss                                     0x20002654   Section      120  os_core.o(.bss)
    .bss                                     0x200026cc   Section      512  os_cpu_c.o(.bss)
    STACK                                    0x200028d0   Section      512  cstartup.o(STACK)

    Global Symbols

    Symbol Name                              Value     Ov Type        Size  Object(Section)

    BuildAttributes$$THM_ISAv4$E$P$D$K$B$S$7EM$VFPi3$EXTD16$VFPS$VFMA$PE$A:L22UL41UL21$X:L11$S22US41US21$IEEE1$IW$USESV6$~STKCKD$USESV7$~SHL$OSPACE$ROPI$EBA8$MICROLIB$REQ8$PRES8$EABIv2 0x00000000   Number         0  anon$$obj.o ABSOLUTE
    __ARM_use_no_argv                        0x00000000   Number         0  app.o ABSOLUTE
    __Vectors                                0x00000000   Data           4  cstartup.o(RESET)
    _printf_a                                0x00000000   Number         0  stubs.o ABSOLUTE
    _printf_c                                0x00000000   Number         0  stubs.o ABSOLUTE
    _printf_charcount                        0x00000000   Number         0  stubs.o ABSOLUTE
    _printf_d                                0x00000000   Number         0  stubs.o ABSOLUTE
    _printf_e                                0x00000000   Number         0  stubs.o ABSOLUTE
    _printf_f                                0x00000000   Number         0  stubs.o ABSOLUTE
    _printf_flags                            0x00000000   Number         0  stubs.o ABSOLUTE
    _printf_fp_dec                           0x00000000   Number         0  stubs.o ABSOLUTE
    _printf_fp_hex                           0x00000000   Number         0  stubs.o ABSOLUTE
    _printf_g                                0x00000000   Number         0  stubs.o ABSOLUTE
    _printf_i                                0x00000000   Number         0  stubs.o ABSOLUTE
    _printf_int_dec                          0x00000000   Number         0  stubs.o ABSOLUTE
    _printf_l                                0x00000000   Number         0  stubs.o ABSOLUTE
    _printf_lc                               0x00000000   Number         0  stubs.o ABSOLUTE
    _printf_ll                               0x00000000   Number         0  stubs.o ABSOLUTE
    _printf_lld                              0x00000000   Number         0  stubs.o ABSOLUTE
    _printf_lli                              0x00000000   Number         0  stubs.o ABSOLUTE
    _printf_llo                              0x00000000   Number         0  stubs.o ABSOLUTE
    _printf_llu                              0x00000000   Number         0  stubs.o ABSOLUTE
    _printf_llx                              0x00000000   Number         0  stubs.o ABSOLUTE
    _printf_longlong_dec                     0x00000000   Number         0  stubs.o ABSOLUTE
    _printf_longlong_hex                     0x00000000   Number         0  stubs.o ABSOLUTE
    _printf_longlong_oct                     0x00000000   Number         0  stubs.o ABSOLUTE
    _printf_ls                               0x00000000   Number         0  stubs.o ABSOLUTE
    _printf_mbtowc                           0x00000000   Number         0  stubs.o ABSOLUTE
    _printf_n                                0x00000000   Number         0  stubs.o ABSOLUTE
    _printf_o                                0x00000000   Number         0  stubs.o ABSOLUTE
    _printf_p                                0x00000000   Number         0  stubs.o ABSOLUTE
    _printf_percent                          0x00000000   Number         0  stubs.o ABSOLUTE
    _printf_pre_padding                      0x00000000   Number         0  stubs.o ABSOLUTE
    _printf_return_value                     0x00000000   Number         0  stubs.o ABSOLUTE
    _printf_s                                0x00000000   Number         0  stubs.o ABSOLUTE
    _printf_sizespec                         0x00000000   Number         0  stubs.o ABSOLUTE
    _printf_str                              0x00000000   Number         0  stubs.o ABSOLUTE
    _printf_truncate_signed                  0x00000000   Number         0  stubs.o ABSOLUTE
    _printf_truncate_unsigned                0x00000000   Number         0  stubs.o ABSOLUTE
    _printf_u                                0x00000000   Number         0  stubs.o ABSOLUTE
    _printf_wc                               0x00000000   Number         0  stubs.o ABSOLUTE
    _printf_wctomb                           0x00000000   Number         0  stubs.o ABSOLUTE
    _printf_widthprec                        0x00000000   Number         0  stubs.o ABSOLUTE
    _printf_x                                0x00000000   Number         0  stubs.o ABSOLUTE
    __cpp_initialize__aeabi_                  - Undefined Weak Reference
    __cxa_finalize                            - Undefined Weak Reference
    _clock_init                               - Undefined Weak Reference
    _microlib_exit                            - Undefined Weak Reference
    __Vectors_End                            0x00000200   Data           0  cstartup.o(RESET)
    __Vectors_Size                           0x00000200   Number         0  cstartup.o ABSOLUTE
    __main                                   0x00000201   Thumb Code     0  entry.o(.ARM.Collect$$$$00000000)
    _main_stk                                0x00000201   Thumb Code     0  entry2.o(.ARM.Collect$$$$00000001)
    _main_scatterload                        0x00000205   Thumb Code     0  entry5.o(.ARM.Collect$$$$00000004)
    __main_after_scatterload                 0x00000209   Thumb Code     0  entry5.o(.ARM.Collect$$$$00000004)
    _main_clock                              0x00000209   Thumb Code     0  entry7b.o(.ARM.Collect$$$$00000008)
    _main_cpp_init                           0x00000209   Thumb Code     0  entry8b.o(.ARM.Collect$$$$0000000A)
    _main_init                               0x00000209   Thumb Code     0  entry9a.o(.ARM.Collect$$$$0000000B)
    __rt_final_cpp                           0x00000211   Thumb Code     0  entry10a.o(.ARM.Collect$$$$0000000D)
    __rt_final_exit                          0x00000211   Thumb Code     0  entry11a.o(.ARM.Collect$$$$0000000F)
    CPUcpsid                                 0x00000215   Thumb Code     8  cpu.o(.emb_text)
    CPUprimask                               0x0000021d   Thumb Code     6  cpu.o(.emb_text)
    CPUcpsie                                 0x00000223   Thumb Code     8  cpu.o(.emb_text)
    CPUwfi                                   0x0000022b   Thumb Code     4  cpu.o(.emb_text)
    CPUbasepriSet                            0x0000022f   Thumb Code     6  cpu.o(.emb_text)
    CPUbasepriGet                            0x00000235   Thumb Code     6  cpu.o(.emb_text)
    SysCtlDelay                              0x0000023d   Thumb Code     6  sysctl.o(.emb_text)
    main                                     0x0000034b   Thumb Code    68  app.o(.text)
    App_TaskCreateHook                       0x000003c9   Thumb Code     2  app_hooks.o(.text)
    App_TaskDelHook                          0x000003cb   Thumb Code     2  app_hooks.o(.text)
    App_TaskIdleHook                         0x000003cd   Thumb Code     2  app_hooks.o(.text)
    App_TaskStatHook                         0x000003cf   Thumb Code     2  app_hooks.o(.text)
    App_TaskReturnHook                       0x000003d1   Thumb Code     2  app_hooks.o(.text)
    App_TaskSwHook                           0x000003d3   Thumb Code     2  app_hooks.o(.text)
    App_TCBInitHook                          0x000003d5   Thumb Code     2  app_hooks.o(.text)
    App_TimeTickHook                         0x000003d7   Thumb Code     2  app_hooks.o(.text)
    BSP_Init                                 0x000003d9   Thumb Code   106  bsp.o(.text)
    BSP_IntClr                               0x00000481   Thumb Code     2  bsp_int.o(.text)
    BSP_IntDis                               0x00000483   Thumb Code    14  bsp_int.o(.text)
    BSP_IntDisAll                            0x00000491   Thumb Code     4  bsp_int.o(.text)
    BSP_IntEn                                0x00000495   Thumb Code    14  bsp_int.o(.text)
    BSP_IntVectSet                           0x000004a3   Thumb Code    30  bsp_int.o(.text)
    BSP_IntInit                              0x000004c3   Thumb Code    20  bsp_int.o(.text)
    BSP_IntHandler                           0x000004d7   Thumb Code    42  bsp_int.o(.text)
    BSP_IntHandlerGPIOA                      0x00000501   Thumb Code     4  bsp_int.o(.text)
    BSP_IntHandlerGPIOB                      0x00000505   Thumb Code     4  bsp_int.o(.text)
    BSP_IntHandlerGPIOC                      0x00000509   Thumb Code     4  bsp_int.o(.text)
    BSP_IntHandlerGPIOD                      0x0000050d   Thumb Code     4  bsp_int.o(.text)
    BSP_IntHandlerGPIOE                      0x00000511   Thumb Code     4  bsp_int.o(.text)
    BSP_IntHandlerUART0                      0x00000515   Thumb Code     4  bsp_int.o(.text)
    BSP_IntHandlerUART1                      0x00000519   Thumb Code     4  bsp_int.o(.text)
    BSP_IntHandlerSSI0                       0x0000051d   Thumb Code     4  bsp_int.o(.text)
    BSP_IntHandlerI2C0                       0x00000521   Thumb Code     4  bsp_int.o(.text)
    BSP_IntHandlerPWM_FAULT                  0x00000525   Thumb Code     4  bsp_int.o(.text)
    BSP_IntHandlerPWM_GEN0                   0x00000529   Thumb Code     4  bsp_int.o(.text)
    BSP_IntHandlerPWM_GEN1                   0x0000052d   Thumb Code     4  bsp_int.o(.text)
    BSP_IntHandlerPWM_GEN2                   0x00000531   Thumb Code     4  bsp_int.o(.text)
    BSP_IntHandlerQEI0                       0x00000535   Thumb Code     4  bsp_int.o(.text)
    BSP_IntHandlerADC0_0                     0x00000539   Thumb Code     4  bsp_int.o(.text)
    BSP_IntHandlerADC0_1                     0x0000053d   Thumb Code     4  bsp_int.o(.text)
    BSP_IntHandlerADC0_2                     0x00000541   Thumb Code     4  bsp_int.o(.text)
    BSP_IntHandlerADC0_3                     0x00000545   Thumb Code     4  bsp_int.o(.text)
    BSP_IntHandlerWDTO_WDT1                  0x00000549   Thumb Code     4  bsp_int.o(.text)
    BSP_IntHandlerTMR0A                      0x0000054d   Thumb Code     4  bsp_int.o(.text)
    BSP_IntHandlerTMR0B                      0x00000551   Thumb Code     4  bsp_int.o(.text)
    BSP_IntHandlerTMR1A                      0x00000555   Thumb Code     4  bsp_int.o(.text)
    BSP_IntHandlerTMR1B                      0x00000559   Thumb Code     4  bsp_int.o(.text)
    BSP_IntHandlerTMR2A                      0x0000055d   Thumb Code     4  bsp_int.o(.text)
    BSP_IntHandlerTMR2B                      0x00000561   Thumb Code     4  bsp_int.o(.text)
    BSP_IntHandlerACOMP0                     0x00000565   Thumb Code     4  bsp_int.o(.text)
    BSP_IntHandlerACOMP1                     0x00000569   Thumb Code     4  bsp_int.o(.text)
    BSP_IntHandlerACOMP2                     0x0000056d   Thumb Code     4  bsp_int.o(.text)
    BSP_IntHandlerSYS_CTRL                   0x00000571   Thumb Code     4  bsp_int.o(.text)
    BSP_IntHandlerFLASH                      0x00000575   Thumb Code     4  bsp_int.o(.text)
    BSP_IntHandlerGPIOF                      0x00000579   Thumb Code     4  bsp_int.o(.text)
    BSP_IntHandlerGPIOG                      0x0000057d   Thumb Code     4  bsp_int.o(.text)
    BSP_IntHandlerGPIOH                      0x00000581   Thumb Code     4  bsp_int.o(.text)
    BSP_IntHandlerUART2                      0x00000585   Thumb Code     4  bsp_int.o(.text)
    BSP_IntHandlerSSI1                       0x00000589   Thumb Code     4  bsp_int.o(.text)
    BSP_IntHandlerTMR3A                      0x0000058d   Thumb Code     4  bsp_int.o(.text)
    BSP_IntHandlerTMR3B                      0x00000591   Thumb Code     4  bsp_int.o(.text)
    BSP_IntHandlerI2C1                       0x00000595   Thumb Code     4  bsp_int.o(.text)
    BSP_IntHandlerCAN0                       0x00000599   Thumb Code     4  bsp_int.o(.text)
    BSP_IntHandlerCAN1                       0x0000059d   Thumb Code     4  bsp_int.o(.text)
    BSP_IntHandlerETHER_MAC                  0x000005a1   Thumb Code     4  bsp_int.o(.text)
    BSP_IntHandlerHIB                        0x000005a5   Thumb Code     4  bsp_int.o(.text)
    BSP_IntHandlerUSB_MAC                    0x000005a9   Thumb Code     4  bsp_int.o(.text)
    BSP_IntHandlerPWM_GEN3                   0x000005ad   Thumb Code     4  bsp_int.o(.text)
    BSP_IntHandlerUDMA0_SOFT                 0x000005b1   Thumb Code     4  bsp_int.o(.text)
    BSP_IntHandlerUDAM0_ERR                  0x000005b5   Thumb Code     4  bsp_int.o(.text)
    BSP_IntHandlerADC1_0                     0x000005b9   Thumb Code     4  bsp_int.o(.text)
    BSP_IntHandlerADC1_1                     0x000005bd   Thumb Code     4  bsp_int.o(.text)
    BSP_IntHandlerADC1_2                     0x000005c1   Thumb Code     4  bsp_int.o(.text)
    BSP_IntHandlerADC1_3                     0x000005c5   Thumb Code     4  bsp_int.o(.text)
    BSP_IntHandlerEPI0                       0x000005c9   Thumb Code     4  bsp_int.o(.text)
    BSP_IntHandlerGPIOJ                      0x000005cd   Thumb Code     4  bsp_int.o(.text)
    BSP_IntHandlerGPIOK                      0x000005d1   Thumb Code     4  bsp_int.o(.text)
    BSP_IntHandlerGPIOL                      0x000005d5   Thumb Code     4  bsp_int.o(.text)
    BSP_IntHandlerSSI2                       0x000005d9   Thumb Code     4  bsp_int.o(.text)
    BSP_IntHandlerSSI3                       0x000005dd   Thumb Code     4  bsp_int.o(.text)
    BSP_IntHandlerUART3                      0x000005e1   Thumb Code     4  bsp_int.o(.text)
    BSP_IntHandlerUART4                      0x000005e5   Thumb Code     4  bsp_int.o(.text)
    BSP_IntHandlerUART5                      0x000005e9   Thumb Code     4  bsp_int.o(.text)
    BSP_IntHandlerUART6                      0x000005ed   Thumb Code     4  bsp_int.o(.text)
    BSP_IntHandlerUART7                      0x000005f1   Thumb Code     4  bsp_int.o(.text)
    BSP_IntHandlerI2C2                       0x000005f5   Thumb Code     4  bsp_int.o(.text)
    BSP_IntHandlerI2C3                       0x000005f9   Thumb Code     4  bsp_int.o(.text)
    BSP_IntHandlerTMR4A                      0x000005fd   Thumb Code     4  bsp_int.o(.text)
    BSP_IntHandlerTMR4B                      0x00000601   Thumb Code     4  bsp_int.o(.text)
    BSP_IntHandlerTMR5A                      0x00000605   Thumb Code     4  bsp_int.o(.text)
    BSP_IntHandlerTMR5B                      0x00000609   Thumb Code     4  bsp_int.o(.text)
    BSP_IntHandlerFP                         0x0000060d   Thumb Code     4  bsp_int.o(.text)
    BSP_IntHandlerRSVD68                     0x00000611   Thumb Code     4  bsp_int.o(.text)
    BSP_IntHandlerRSVD69                     0x00000615   Thumb Code     4  bsp_int.o(.text)
    BSP_IntHandlerI2C4                       0x00000619   Thumb Code     4  bsp_int.o(.text)
    BSP_IntHandlerI2C5                       0x0000061d   Thumb Code     4  bsp_int.o(.text)
    BSP_IntHandlerGPIOM                      0x00000621   Thumb Code     4  bsp_int.o(.text)
    BSP_IntHandlerGPION                      0x00000625   Thumb Code     4  bsp_int.o(.text)
    BSP_IntHandlerRSVD74                     0x00000629   Thumb Code     4  bsp_int.o(.text)
    BSP_IntHandlerTAMPER                     0x0000062d   Thumb Code     4  bsp_int.o(.text)
    BSP_IntHandlerGPIOP0                     0x00000631   Thumb Code     4  bsp_int.o(.text)
    BSP_IntHandlerGPIOP1                     0x00000635   Thumb Code     4  bsp_int.o(.text)
    BSP_IntHandlerGPIOP2                     0x00000639   Thumb Code     4  bsp_int.o(.text)
    BSP_IntHandlerGPIOP3                     0x0000063d   Thumb Code     4  bsp_int.o(.text)
    BSP_IntHandlerGPIOP4                     0x00000641   Thumb Code     4  bsp_int.o(.text)
    BSP_IntHandlerGPIOP5                     0x00000645   Thumb Code     4  bsp_int.o(.text)
    BSP_IntHandlerGPIOP6                     0x00000649   Thumb Code     4  bsp_int.o(.text)
    BSP_IntHandlerGPIOP7                     0x0000064d   Thumb Code     4  bsp_int.o(.text)
    BSP_IntHandlerGPIOQ0                     0x00000651   Thumb Code     4  bsp_int.o(.text)
    BSP_IntHandlerGPIOQ1                     0x00000655   Thumb Code     4  bsp_int.o(.text)
    BSP_IntHandlerGPIOQ2                     0x00000659   Thumb Code     4  bsp_int.o(.text)
    BSP_IntHandlerGPIOQ3                     0x0000065d   Thumb Code     4  bsp_int.o(.text)
    BSP_IntHandlerGPIOQ4                     0x00000661   Thumb Code     4  bsp_int.o(.text)
    BSP_IntHandlerGPIOQ5                     0x00000665   Thumb Code     4  bsp_int.o(.text)
    BSP_IntHandlerGPIOQ6                     0x00000669   Thumb Code     4  bsp_int.o(.text)
    BSP_IntHandlerGPIOQ7                     0x0000066d   Thumb Code     4  bsp_int.o(.text)
    BSP_IntHandlerGPIOR                      0x00000671   Thumb Code     4  bsp_int.o(.text)
    BSP_IntHandlerGPIOS                      0x00000675   Thumb Code     4  bsp_int.o(.text)
    BSP_IntHandlerSHA_MD5                    0x00000679   Thumb Code     4  bsp_int.o(.text)
    BSP_IntHandlerAES                        0x0000067d   Thumb Code     4  bsp_int.o(.text)
    BSP_IntHandlerDES                        0x00000681   Thumb Code     4  bsp_int.o(.text)
    BSP_IntHandlerLCD                        0x00000685   Thumb Code     4  bsp_int.o(.text)
    BSP_IntHandlerTMR6A                      0x00000689   Thumb Code     4  bsp_int.o(.text)
    BSP_IntHandlerTMR6B                      0x0000068d   Thumb Code     4  bsp_int.o(.text)
    BSP_IntHandlerTMR7A                      0x00000691   Thumb Code     4  bsp_int.o(.text)
    BSP_IntHandlerTMR7B                      0x00000695   Thumb Code     4  bsp_int.o(.text)
    BSP_IntHandlerI2C6                       0x00000699   Thumb Code     4  bsp_int.o(.text)
    BSP_IntHandlerI2C7                       0x0000069d   Thumb Code     4  bsp_int.o(.text)
    BSP_IntHandlerRSVD104                    0x000006a1   Thumb Code     4  bsp_int.o(.text)
    BSP_IntHandler1WIRE                      0x000006a5   Thumb Code     4  bsp_int.o(.text)
    BSP_IntHandlerRSVD106                    0x000006a9   Thumb Code     4  bsp_int.o(.text)
    BSP_IntHandlerRSVD107                    0x000006ad   Thumb Code     4  bsp_int.o(.text)
    BSP_IntHandlerRSVD108                    0x000006b1   Thumb Code     4  bsp_int.o(.text)
    BSP_IntHandlerI2C8                       0x000006b5   Thumb Code     4  bsp_int.o(.text)
    BSP_IntHandlerI2C9                       0x000006b9   Thumb Code     4  bsp_int.o(.text)
    BSP_IntHandlerGPIOT                      0x000006bd   Thumb Code     4  bsp_int.o(.text)
    BSP_LED_Off                              0x000006c9   Thumb Code    46  bsp_led.o(.text)
    BSP_LED_Init                             0x000006f7   Thumb Code    24  bsp_led.o(.text)
    BSP_LED_On                               0x0000070f   Thumb Code    50  bsp_led.o(.text)
    BSP_LED_Toggle                           0x00000741   Thumb Code    62  bsp_led.o(.text)
    BSP_SysInit                              0x00000791   Thumb Code     6  bsp_sys.o(.text)
    BSP_SysClkFreqGet                        0x00000797   Thumb Code     4  bsp_sys.o(.text)
    CPU_TS_TmrInit                           0x000007a1   Thumb Code    38  cpu_bsp.o(.text)
    CPU_TS_TmrRd                             0x000007c7   Thumb Code     6  cpu_bsp.o(.text)
    CPU_TS32_to_uSec                         0x000007cd   Thumb Code    32  cpu_bsp.o(.text)
    Reset_Handler                            0x000007f9   Thumb Code     4  cstartup.o(.text)
    App_NMI_ISR                              0x000007fd   Thumb Code     2  cstartup.o(.text)
    App_Fault_ISR                            0x000007ff   Thumb Code     2  cstartup.o(.text)
    App_MemFault_ISR                         0x00000801   Thumb Code     2  cstartup.o(.text)
    App_BusFault_ISR                         0x00000803   Thumb Code     2  cstartup.o(.text)
    App_UsageFault_ISR                       0x00000805   Thumb Code     2  cstartup.o(.text)
    App_Spurious_ISR                         0x00000807   Thumb Code     2  cstartup.o(.text)
    App_Reserved_ISR                         0x00000809   Thumb Code     2  cstartup.o(.text)
    CPU_NameClr                              0x00000811   Thumb Code    26  cpu_core.o(.text)
    CPU_Init                                 0x0000082b   Thumb Code    18  cpu_core.o(.text)
    CPU_SW_Exception                         0x0000083d   Thumb Code     2  cpu_core.o(.text)
    CPU_NameGet                              0x0000083f   Thumb Code    46  cpu_core.o(.text)
    CPU_NameSet                              0x0000086d   Thumb Code    62  cpu_core.o(.text)
    CPU_TS_Get32                             0x000008ab   Thumb Code     4  cpu_core.o(.text)
    CPU_TS_Update                            0x000008af   Thumb Code     2  cpu_core.o(.text)
    CPU_TS_TmrFreqGet                        0x000008b1   Thumb Code    24  cpu_core.o(.text)
    CPU_TS_TmrFreqSet                        0x000008c9   Thumb Code     6  cpu_core.o(.text)
    CPU_CntLeadZeros08                       0x000008cf   Thumb Code    10  cpu_core.o(.text)
    CPU_CntLeadZeros16                       0x000008d9   Thumb Code    10  cpu_core.o(.text)
    CPU_CntLeadZeros32                       0x000008e3   Thumb Code     4  cpu_core.o(.text)
    CPU_CntLeadZeros64                       0x000008e7   Thumb Code   156  cpu_core.o(.text)
    CPU_CntTrailZeros08                      0x00000983   Thumb Code    10  cpu_core.o(.text)
    CPU_CntTrailZeros16                      0x0000098d   Thumb Code    10  cpu_core.o(.text)
    CPU_CntTrailZeros32                      0x00000997   Thumb Code    10  cpu_core.o(.text)
    CPU_CntTrailZeros64                      0x000009a1   Thumb Code    36  cpu_core.o(.text)
    CPU_IntDis                               0x000009d1   Thumb Code     0  cpu_a.o(.text)
    CPU_IntEn                                0x000009d5   Thumb Code     0  cpu_a.o(.text)
    CPU_SR_Save                              0x000009d9   Thumb Code     0  cpu_a.o(.text)
    CPU_SR_Restore                           0x000009e1   Thumb Code     0  cpu_a.o(.text)
    CPU_WaitForInt                           0x000009e7   Thumb Code     0  cpu_a.o(.text)
    CPU_WaitForExcept                        0x000009eb   Thumb Code     0  cpu_a.o(.text)
    CPU_CntLeadZeros                         0x000009ef   Thumb Code     0  cpu_a.o(.text)
    CPU_CntTrailZeros                        0x000009f5   Thumb Code     0  cpu_a.o(.text)
    CPU_RevBits                              0x000009ff   Thumb Code     0  cpu_a.o(.text)
    CPU_BitBandClr                           0x00000a05   Thumb Code    44  cpu_c.o(.text)
    CPU_BitBandSet                           0x00000a31   Thumb Code    44  cpu_c.o(.text)
    CPU_IntSrcDis                            0x00000a5d   Thumb Code   144  cpu_c.o(.text)
    CPU_IntSrcEn                             0x00000aed   Thumb Code   144  cpu_c.o(.text)
    CPU_IntSrcPendClr                        0x00000b7d   Thumb Code    70  cpu_c.o(.text)
    CPU_IntSrcPrioSet                        0x00000bc3   Thumb Code   228  cpu_c.o(.text)
    CPU_IntSrcPrioGet                        0x00000ca7   Thumb Code   196  cpu_c.o(.text)
    ASCII_IsAlpha                            0x00000d79   Thumb Code    22  lib_ascii.o(.text)
    ASCII_IsAlphaNum                         0x00000d8f   Thumb Code    28  lib_ascii.o(.text)
    ASCII_IsLower                            0x00000dab   Thumb Code    14  lib_ascii.o(.text)
    ASCII_IsUpper                            0x00000db9   Thumb Code    14  lib_ascii.o(.text)
    ASCII_IsDig                              0x00000dc7   Thumb Code    14  lib_ascii.o(.text)
    ASCII_IsDigOct                           0x00000dd5   Thumb Code    14  lib_ascii.o(.text)
    ASCII_IsDigHex                           0x00000de3   Thumb Code    28  lib_ascii.o(.text)
    ASCII_IsBlank                            0x00000dff   Thumb Code    16  lib_ascii.o(.text)
    ASCII_IsSpace                            0x00000e0f   Thumb Code    32  lib_ascii.o(.text)
    ASCII_IsPrint                            0x00000e2f   Thumb Code    14  lib_ascii.o(.text)
    ASCII_IsGraph                            0x00000e3d   Thumb Code    14  lib_ascii.o(.text)
    ASCII_IsPunct                            0x00000e4b   Thumb Code    58  lib_ascii.o(.text)
    ASCII_IsCtrl                             0x00000e85   Thumb Code    22  lib_ascii.o(.text)
    ASCII_ToLower                            0x00000e9b   Thumb Code    14  lib_ascii.o(.text)
    ASCII_ToUpper                            0x00000ea9   Thumb Code    14  lib_ascii.o(.text)
    ASCII_Cmp                                0x00000eb7   Thumb Code    28  lib_ascii.o(.text)
    Mem_Init                                 0x00000ed5   Thumb Code    54  lib_mem.o(.text)
    Mem_Set                                  0x00000f0b   Thumb Code    70  lib_mem.o(.text)
    Mem_Clr                                  0x00000f51   Thumb Code     6  lib_mem.o(.text)
    Mem_Move                                 0x00000f57   Thumb Code   132  lib_mem.o(.text)
    Mem_Cmp                                  0x00000fdb   Thumb Code   128  lib_mem.o(.text)
    Mem_HeapAlloc                            0x000010fb   Thumb Code   164  lib_mem.o(.text)
    Mem_SegGetSizeRem                        0x0000119f   Thumb Code   114  lib_mem.o(.text)
    Mem_HeapGetSizeRem                       0x00001211   Thumb Code     8  lib_mem.o(.text)
    Mem_PoolClr                              0x00001219   Thumb Code    68  lib_mem.o(.text)
    Mem_PoolCreate                           0x0000125d   Thumb Code   722  lib_mem.o(.text)
    Mem_PoolBlkGetNbrAvail                   0x0000152f   Thumb Code    64  lib_mem.o(.text)
    Mem_PoolBlkGet                           0x0000156f   Thumb Code   126  lib_mem.o(.text)
    Mem_PoolBlkGetUsedAtIx                   0x000015ed   Thumb Code   102  lib_mem.o(.text)
    Mem_PoolBlkFree                          0x00001699   Thumb Code   208  lib_mem.o(.text)
    Mem_PoolBlkIxGet                         0x00001769   Thumb Code   186  lib_mem.o(.text)
    Str_Len_N                                0x00001829   Thumb Code    22  lib_str.o(.text)
    Str_Len                                  0x0000183f   Thumb Code     6  lib_str.o(.text)
    Str_Copy_N                               0x00001845   Thumb Code    48  lib_str.o(.text)
    Str_Copy                                 0x00001875   Thumb Code     6  lib_str.o(.text)
    Str_Cat_N                                0x0000187b   Thumb Code    58  lib_str.o(.text)
    Str_Cat                                  0x000018b5   Thumb Code     6  lib_str.o(.text)
    Str_Cmp_N                                0x000018bb   Thumb Code    86  lib_str.o(.text)
    Str_Cmp                                  0x00001911   Thumb Code     6  lib_str.o(.text)
    Str_CmpIgnoreCase_N                      0x00001917   Thumb Code   146  lib_str.o(.text)
    Str_CmpIgnoreCase                        0x000019a9   Thumb Code     6  lib_str.o(.text)
    Str_Char_N                               0x000019af   Thumb Code    46  lib_str.o(.text)
    Str_Char                                 0x000019dd   Thumb Code     8  lib_str.o(.text)
    Str_Char_Last_N                          0x000019e5   Thumb Code    44  lib_str.o(.text)
    Str_Char_Last                            0x00001a11   Thumb Code     8  lib_str.o(.text)
    Str_Char_Replace_N                       0x00001a19   Thumb Code    42  lib_str.o(.text)
    Str_Char_Replace                         0x00001a43   Thumb Code     6  lib_str.o(.text)
    Str_Str_N                                0x00001a49   Thumb Code   120  lib_str.o(.text)
    Str_Str                                  0x00001ac1   Thumb Code     6  lib_str.o(.text)
    Str_FmtNbr_Int32U                        0x00001c19   Thumb Code    24  lib_str.o(.text)
    Str_FmtNbr_Int32S                        0x00001c31   Thumb Code    40  lib_str.o(.text)
    Str_ParseNbr_Int32U                      0x00001d8d   Thumb Code    12  lib_str.o(.text)
    Str_ParseNbr_Int32S                      0x00001d99   Thumb Code    42  lib_str.o(.text)
    Mem_Copy                                 0x00001dc9   Thumb Code     0  lib_mem_a.o(.text)
    OS_StrLen                                0x00001fe9   Thumb Code    20  os_core.o(.text)
    OSEventNameGet                           0x00001ffd   Thumb Code    74  os_core.o(.text)
    OSEventNameSet                           0x00002047   Thumb Code    58  os_core.o(.text)
    OS_EventTaskRemoveMulti                  0x00002081   Thumb Code    38  os_core.o(.text)
    OS_Sched                                 0x000020a7   Thumb Code    64  os_core.o(.text)
    OS_EventTaskWaitMulti                    0x000020e7   Thumb Code    84  os_core.o(.text)
    OSEventPendMulti                         0x0000213b   Thumb Code   410  os_core.o(.text)
    OS_TaskStatStkChk                        0x000022d5   Thumb Code    50  os_core.o(.text)
    OS_TaskStat                              0x00002307   Thumb Code    98  os_core.o(.text)
    OS_TaskIdle                              0x00002369   Thumb Code    22  os_core.o(.text)
    OS_MemClr                                0x0000237f   Thumb Code    18  os_core.o(.text)
    OSInit                                   0x00002391   Thumb Code   192  os_core.o(.text)
    OSIntEnter                               0x00002451   Thumb Code    20  os_core.o(.text)
    OSIntExit                                0x00002465   Thumb Code    82  os_core.o(.text)
    OSSchedLock                              0x000024b7   Thumb Code    38  os_core.o(.text)
    OSSchedUnlock                            0x000024dd   Thumb Code    52  os_core.o(.text)
    OSStart                                  0x00002511   Thumb Code    38  os_core.o(.text)
    OSStatInit                               0x00002537   Thumb Code    48  os_core.o(.text)
    OSTimeTick                               0x00002567   Thumb Code   154  os_core.o(.text)
    OSVersion                                0x00002601   Thumb Code     6  os_core.o(.text)
    OS_Dummy                                 0x00002607   Thumb Code     2  os_core.o(.text)
    OS_EventTaskRemove                       0x00002609   Thumb Code    36  os_core.o(.text)
    OS_EventTaskRdy                          0x0000262d   Thumb Code   110  os_core.o(.text)
    OS_EventTaskWait                         0x0000269b   Thumb Code    66  os_core.o(.text)
    OS_EventWaitListInit                     0x000026dd   Thumb Code    20  os_core.o(.text)
    OS_MemCopy                               0x000026f1   Thumb Code    20  os_core.o(.text)
    OS_TCBInit                               0x00002705   Thumb Code   228  os_core.o(.text)
    OSFlagAccept                             0x00002905   Thumb Code   154  os_flag.o(.text)
    OSFlagCreate                             0x0000299f   Thumb Code    68  os_flag.o(.text)
    OS_FlagUnlink                            0x000029e3   Thumb Code    32  os_flag.o(.text)
    OSFlagDel                                0x00002a47   Thumb Code   184  os_flag.o(.text)
    OSFlagNameGet                            0x00002aff   Thumb Code    72  os_flag.o(.text)
    OSFlagNameSet                            0x00002b47   Thumb Code    50  os_flag.o(.text)
    OSFlagPend                               0x00002bcd   Thumb Code   366  os_flag.o(.text)
    OSFlagPendGetFlagsRdy                    0x00002d3b   Thumb Code    20  os_flag.o(.text)
    OSFlagPost                               0x00002d4f   Thumb Code   210  os_flag.o(.text)
    OSFlagQuery                              0x00002e21   Thumb Code    38  os_flag.o(.text)
    OS_FlagInit                              0x00002e47   Thumb Code    64  os_flag.o(.text)
    OSMboxAccept                             0x00002e91   Thumb Code    32  os_mbox.o(.text)
    OSMboxCreate                             0x00002eb1   Thumb Code    58  os_mbox.o(.text)
    OSMboxDel                                0x00002eeb   Thumb Code   190  os_mbox.o(.text)
    OSMboxPend                               0x00002fa9   Thumb Code   192  os_mbox.o(.text)
    OSMboxPendAbort                          0x00003069   Thumb Code   110  os_mbox.o(.text)
    OSMboxPost                               0x000030d7   Thumb Code    76  os_mbox.o(.text)
    OSMboxPostOpt                            0x00003123   Thumb Code   108  os_mbox.o(.text)
    OSMboxQuery                              0x0000318f   Thumb Code    66  os_mbox.o(.text)
    OSMemCreate                              0x000031e5   Thumb Code    86  os_mem.o(.text)
    OSMemGet                                 0x0000323b   Thumb Code    48  os_mem.o(.text)
    OSMemNameGet                             0x0000326b   Thumb Code    54  os_mem.o(.text)
    OSMemNameSet                             0x000032a1   Thumb Code    36  os_mem.o(.text)
    OSMemPut                                 0x000032c5   Thumb Code    46  os_mem.o(.text)
    OSMemQuery                               0x000032f3   Thumb Code    46  os_mem.o(.text)
    OS_MemInit                               0x00003321   Thumb Code    62  os_mem.o(.text)
    OSTaskChangePrio                         0x00003371   Thumb Code   318  os_task.o(.text)
    OSTaskCreate                             0x000034af   Thumb Code   124  os_task.o(.text)
    OS_TaskStkClr                            0x0000352b   Thumb Code    22  os_task.o(.text)
    OSTaskCreateExt                          0x00003541   Thumb Code   144  os_task.o(.text)
    OSTaskDel                                0x000035d1   Thumb Code   274  os_task.o(.text)
    OSTaskDelReq                             0x000036e3   Thumb Code    82  os_task.o(.text)
    OSTaskNameGet                            0x00003735   Thumb Code   138  os_task.o(.text)
    OSTaskNameSet                            0x000037bf   Thumb Code    70  os_task.o(.text)
    OSTaskResume                             0x00003805   Thumb Code   118  os_task.o(.text)
    OSTaskStkChk                             0x0000387b   Thumb Code    94  os_task.o(.text)
    OSTaskSuspend                            0x000038d9   Thumb Code   130  os_task.o(.text)
    OSTaskQuery                              0x0000395b   Thumb Code    74  os_task.o(.text)
    OSTaskRegGet                             0x000039a5   Thumb Code    50  os_task.o(.text)
    OSTaskRegGetID                           0x000039d7   Thumb Code    40  os_task.o(.text)
    OSTaskRegSet                             0x000039ff   Thumb Code    52  os_task.o(.text)
    OS_TaskReturn                            0x00003a33   Thumb Code    18  os_task.o(.text)
    OSTimeDly                                0x00003a61   Thumb Code    82  os_time.o(.text)
    OSTimeDlyHMSM                            0x00003ab3   Thumb Code    68  os_time.o(.text)
    OSTimeDlyResume                          0x00003af7   Thumb Code   132  os_time.o(.text)
    OSTimeGet                                0x00003b7b   Thumb Code    18  os_time.o(.text)
    OSTimeSet                                0x00003b8d   Thumb Code    20  os_time.o(.text)
    OS_CPU_FP_Reg_Push                       0x00003bbd   Thumb Code     0  os_cpu_a.o(.text)
    OS_CPU_FP_Reg_Pop                        0x00003bd7   Thumb Code     0  os_cpu_a.o(.text)
    OS_CPU_SR_Save                           0x00003be9   Thumb Code     0  os_cpu_a.o(.text)
    OS_CPU_SR_Restore                        0x00003bf1   Thumb Code     0  os_cpu_a.o(.text)
    OSStartHighRdy                           0x00003bf7   Thumb Code     0  os_cpu_a.o(.text)
    OSCtxSw                                  0x00003c1f   Thumb Code     0  os_cpu_a.o(.text)
    OSIntCtxSw                               0x00003c29   Thumb Code     0  os_cpu_a.o(.text)
    OS_CPU_PendSVHandler                     0x00003c33   Thumb Code     0  os_cpu_a.o(.text)
    OSInitHookBegin                          0x00003c99   Thumb Code    24  os_cpu_c.o(.text)
    OSInitHookEnd                            0x00003cb1   Thumb Code     2  os_cpu_c.o(.text)
    OSTaskCreateHook                         0x00003cb3   Thumb Code     4  os_cpu_c.o(.text)
    OSTaskDelHook                            0x00003cb7   Thumb Code     4  os_cpu_c.o(.text)
    OSTaskIdleHook                           0x00003cbb   Thumb Code     4  os_cpu_c.o(.text)
    OSTaskReturnHook                         0x00003cbf   Thumb Code     4  os_cpu_c.o(.text)
    OSTaskStatHook                           0x00003cc3   Thumb Code     4  os_cpu_c.o(.text)
    OSTaskStkInit                            0x00003cc7   Thumb Code   320  os_cpu_c.o(.text)
    OSTaskSwHook                             0x00003e07   Thumb Code    42  os_cpu_c.o(.text)
    OSTCBInitHook                            0x00003e31   Thumb Code     4  os_cpu_c.o(.text)
    OSTimeTickHook                           0x00003e35   Thumb Code     4  os_cpu_c.o(.text)
    OS_CPU_SysTickHandler                    0x00003e39   Thumb Code    30  os_cpu_c.o(.text)
    OS_CPU_SysTickInit                       0x00003e57   Thumb Code    36  os_cpu_c.o(.text)
    OSDebugInit                              0x00003f01   Thumb Code     2  os_dbg.o(.text)
    GPIODirModeSet                           0x00003f05   Thumb Code    38  gpio.o(.text)
    GPIODirModeGet                           0x00003f2b   Thumb Code    38  gpio.o(.text)
    GPIOIntTypeSet                           0x00003f51   Thumb Code    78  gpio.o(.text)
    GPIOIntTypeGet                           0x00003f9f   Thumb Code    66  gpio.o(.text)
    GPIOPadConfigSet                         0x00003fe1   Thumb Code   164  gpio.o(.text)
    GPIOPadConfigGet                         0x00004085   Thumb Code   110  gpio.o(.text)
    GPIOIntEnable                            0x000040f3   Thumb Code    14  gpio.o(.text)
    GPIOIntDisable                           0x00004101   Thumb Code    14  gpio.o(.text)
    GPIOIntStatus                            0x0000410f   Thumb Code    14  gpio.o(.text)
    GPIOIntClear                             0x0000411d   Thumb Code     6  gpio.o(.text)
    GPIOIntRegister                          0x00004123   Thumb Code    26  gpio.o(.text)
    GPIOIntUnregister                        0x0000413d   Thumb Code    22  gpio.o(.text)
    GPIOPinRead                              0x00004153   Thumb Code     6  gpio.o(.text)
    GPIOPinWrite                             0x00004159   Thumb Code     6  gpio.o(.text)
    GPIOPinTypeADC                           0x0000415f   Thumb Code    26  gpio.o(.text)
    GPIOPinTypeCAN                           0x00004179   Thumb Code    26  gpio.o(.text)
    GPIOPinTypeComparator                    0x00004193   Thumb Code    26  gpio.o(.text)
    GPIOPinTypeEPI                           0x000041ad   Thumb Code    26  gpio.o(.text)
    GPIOPinTypeEthernetLED                   0x000041c7   Thumb Code    26  gpio.o(.text)
    GPIOPinTypeEthernetMII                   0x000041e1   Thumb Code    26  gpio.o(.text)
    GPIOPinTypeFan                           0x000041fb   Thumb Code    26  gpio.o(.text)
    GPIOPinTypeGPIOInput                     0x00004215   Thumb Code    26  gpio.o(.text)
    GPIOPinTypeGPIOOutput                    0x0000422f   Thumb Code    26  gpio.o(.text)
    GPIOPinTypeGPIOOutputOD                  0x00004249   Thumb Code    26  gpio.o(.text)
    GPIOPinTypeI2C                           0x00004263   Thumb Code    26  gpio.o(.text)
    GPIOPinTypeI2CSCL                        0x0000427d   Thumb Code    26  gpio.o(.text)
    GPIOPinTypeLPC                           0x00004297   Thumb Code    26  gpio.o(.text)
    GPIOPinTypePECIRx                        0x000042b1   Thumb Code    26  gpio.o(.text)
    GPIOPinTypePECITx                        0x000042cb   Thumb Code    26  gpio.o(.text)
    GPIOPinTypePWM                           0x000042e5   Thumb Code    26  gpio.o(.text)
    GPIOPinTypeQEI                           0x000042ff   Thumb Code    26  gpio.o(.text)
    GPIOPinTypeSSI                           0x00004319   Thumb Code    26  gpio.o(.text)
    GPIOPinTypeTimer                         0x00004333   Thumb Code    26  gpio.o(.text)
    GPIOPinTypeUART                          0x0000434d   Thumb Code    26  gpio.o(.text)
    GPIOPinTypeUSBAnalog                     0x00004367   Thumb Code    26  gpio.o(.text)
    GPIOPinTypeUSBDigital                    0x00004381   Thumb Code    26  gpio.o(.text)
    GPIOPinConfigure                         0x0000439b   Thumb Code    62  gpio.o(.text)
    GPIODMATriggerEnable                     0x000043d9   Thumb Code    14  gpio.o(.text)
    GPIODMATriggerDisable                    0x000043e7   Thumb Code    14  gpio.o(.text)
    GPIOADCTriggerEnable                     0x000043f5   Thumb Code    14  gpio.o(.text)
    GPIOADCTriggerDisable                    0x00004403   Thumb Code    14  gpio.o(.text)
    IntMasterEnable                          0x0000443f   Thumb Code    14  interrupt.o(.text)
    IntMasterDisable                         0x0000444d   Thumb Code    14  interrupt.o(.text)
    IntRegister                              0x0000445b   Thumb Code    38  interrupt.o(.text)
    IntUnregister                            0x00004481   Thumb Code    10  interrupt.o(.text)
    IntPriorityGroupingSet                   0x0000448b   Thumb Code    18  interrupt.o(.text)
    IntPriorityGroupingGet                   0x0000449d   Thumb Code    30  interrupt.o(.text)
    IntPrioritySet                           0x000044bb   Thumb Code    32  interrupt.o(.text)
    IntPriorityGet                           0x000044db   Thumb Code    22  interrupt.o(.text)
    IntEnable                                0x000044f1   Thumb Code    88  interrupt.o(.text)
    IntDisable                               0x00004549   Thumb Code    88  interrupt.o(.text)
    IntIsEnabled                             0x000045a1   Thumb Code    90  interrupt.o(.text)
    IntPendSet                               0x000045fb   Thumb Code    70  interrupt.o(.text)
    IntPendClear                             0x00004641   Thumb Code    58  interrupt.o(.text)
    IntPriorityMaskSet                       0x0000467b   Thumb Code     4  interrupt.o(.text)
    IntPriorityMaskGet                       0x0000467f   Thumb Code     4  interrupt.o(.text)
    IntTrigger                               0x00004683   Thumb Code     8  interrupt.o(.text)
    SysCtlSRAMSizeGet                        0x000046a5   Thumb Code    10  sysctl.o(.text)
    SysCtlFlashSizeGet                       0x000046af   Thumb Code    16  sysctl.o(.text)
    SysCtlPeripheralPresent                  0x000046bf   Thumb Code    40  sysctl.o(.text)
    SysCtlPeripheralReady                    0x000046e7   Thumb Code    40  sysctl.o(.text)
    SysCtlPeripheralPowerOn                  0x0000470f   Thumb Code    36  sysctl.o(.text)
    SysCtlPeripheralPowerOff                 0x00004733   Thumb Code    36  sysctl.o(.text)
    SysCtlPeripheralReset                    0x00004757   Thumb Code    54  sysctl.o(.text)
    SysCtlPeripheralEnable                   0x0000478d   Thumb Code    36  sysctl.o(.text)
    SysCtlPeripheralDisable                  0x000047b1   Thumb Code    36  sysctl.o(.text)
    SysCtlPeripheralSleepEnable              0x000047d5   Thumb Code    36  sysctl.o(.text)
    SysCtlPeripheralSleepDisable             0x000047f9   Thumb Code    36  sysctl.o(.text)
    SysCtlPeripheralDeepSleepEnable          0x0000481d   Thumb Code    36  sysctl.o(.text)
    SysCtlPeripheralDeepSleepDisable         0x00004841   Thumb Code    36  sysctl.o(.text)
    SysCtlPeripheralClockGating              0x00004865   Thumb Code    24  sysctl.o(.text)
    SysCtlIntRegister                        0x0000487d   Thumb Code    20  sysctl.o(.text)
    SysCtlIntUnregister                      0x00004891   Thumb Code    18  sysctl.o(.text)
    SysCtlIntEnable                          0x000048a3   Thumb Code    12  sysctl.o(.text)
    SysCtlIntDisable                         0x000048af   Thumb Code    12  sysctl.o(.text)
    SysCtlIntClear                           0x000048bb   Thumb Code     8  sysctl.o(.text)
    SysCtlIntStatus                          0x000048c3   Thumb Code    14  sysctl.o(.text)
    SysCtlReset                              0x000048d1   Thumb Code     8  sysctl.o(.text)
    SysCtlSleep                              0x000048d9   Thumb Code     4  sysctl.o(.text)
    SysCtlDeepSleep                          0x000048dd   Thumb Code    28  sysctl.o(.text)
    SysCtlResetCauseGet                      0x000048f9   Thumb Code     8  sysctl.o(.text)
    SysCtlResetCauseClear                    0x00004901   Thumb Code    12  sysctl.o(.text)
    SysCtlMOSCConfigSet                      0x0000490d   Thumb Code     8  sysctl.o(.text)
    SysCtlPIOSCCalibrate                     0x00004915   Thumb Code    64  sysctl.o(.text)
    SysCtlClockSet                           0x00004955   Thumb Code   250  sysctl.o(.text)
    SysCtlClockGet                           0x00004a4f   Thumb Code   284  sysctl.o(.text)
    SysCtlDeepSleepClockSet                  0x00004b6b   Thumb Code     6  sysctl.o(.text)
    SysCtlPWMClockSet                        0x00004b71   Thumb Code    14  sysctl.o(.text)
    SysCtlPWMClockGet                        0x00004b7f   Thumb Code    20  sysctl.o(.text)
    SysCtlADCSpeedSet                        0x00004b93   Thumb Code    26  sysctl.o(.text)
    SysCtlADCSpeedGet                        0x00004bad   Thumb Code    12  sysctl.o(.text)
    SysCtlGPIOAHBEnable                      0x00004bb9   Thumb Code    18  sysctl.o(.text)
    SysCtlGPIOAHBDisable                     0x00004bcb   Thumb Code    18  sysctl.o(.text)
    SysCtlUSBPLLEnable                       0x00004bdd   Thumb Code    12  sysctl.o(.text)
    SysCtlUSBPLLDisable                      0x00004be9   Thumb Code    12  sysctl.o(.text)
    UARTParityModeSet                        0x00004c05   Thumb Code    12  uart.o(.text)
    UARTParityModeGet                        0x00004c11   Thumb Code     8  uart.o(.text)
    UARTFIFOLevelSet                         0x00004c19   Thumb Code     6  uart.o(.text)
    UARTFIFOLevelGet                         0x00004c1f   Thumb Code    16  uart.o(.text)
    UARTEnable                               0x00004c2f   Thumb Code    20  uart.o(.text)
    UARTDisable                              0x00004c43   Thumb Code    26  uart.o(.text)
    UARTConfigSetExpClk                      0x00004c5d   Thumb Code    70  uart.o(.text)
    UARTConfigGetExpClk                      0x00004ca3   Thumb Code    40  uart.o(.text)
    UARTFIFOEnable                           0x00004ccb   Thumb Code    10  uart.o(.text)
    UARTFIFODisable                          0x00004cd5   Thumb Code    10  uart.o(.text)
    UARTEnableSIR                            0x00004cdf   Thumb Code    20  uart.o(.text)
    UARTDisableSIR                           0x00004cf3   Thumb Code    10  uart.o(.text)
    UARTSmartCardEnable                      0x00004cfd   Thumb Code    22  uart.o(.text)
    UARTSmartCardDisable                     0x00004d13   Thumb Code    10  uart.o(.text)
    UARTModemControlSet                      0x00004d1d   Thumb Code    12  uart.o(.text)
    UARTModemControlClear                    0x00004d29   Thumb Code    12  uart.o(.text)
    UARTModemControlGet                      0x00004d35   Thumb Code     8  uart.o(.text)
    UARTModemStatusGet                       0x00004d3d   Thumb Code    10  uart.o(.text)
    UARTFlowControlSet                       0x00004d47   Thumb Code    12  uart.o(.text)
    UARTFlowControlGet                       0x00004d53   Thumb Code     8  uart.o(.text)
    UARTTxIntModeSet                         0x00004d5b   Thumb Code    12  uart.o(.text)
    UARTTxIntModeGet                         0x00004d67   Thumb Code     8  uart.o(.text)
    UARTCharsAvail                           0x00004d6f   Thumb Code    10  uart.o(.text)
    UARTSpaceAvail                           0x00004d79   Thumb Code    10  uart.o(.text)
    UARTCharGetNonBlocking                   0x00004d83   Thumb Code    16  uart.o(.text)
    UARTCharGet                              0x00004d93   Thumb Code    10  uart.o(.text)
    UARTCharPutNonBlocking                   0x00004d9d   Thumb Code    16  uart.o(.text)
    UARTCharPut                              0x00004dad   Thumb Code    10  uart.o(.text)
    UARTBreakCtl                             0x00004db7   Thumb Code    20  uart.o(.text)
    UARTBusy                                 0x00004dcb   Thumb Code     8  uart.o(.text)
    UARTIntRegister                          0x00004dd3   Thumb Code    26  uart.o(.text)
    UARTIntUnregister                        0x00004ded   Thumb Code    22  uart.o(.text)
    UARTIntEnable                            0x00004e03   Thumb Code     8  uart.o(.text)
    UARTIntDisable                           0x00004e0b   Thumb Code     8  uart.o(.text)
    UARTIntStatus                            0x00004e13   Thumb Code    10  uart.o(.text)
    UARTIntClear                             0x00004e1d   Thumb Code     4  uart.o(.text)
    UARTDMAEnable                            0x00004e21   Thumb Code     8  uart.o(.text)
    UARTDMADisable                           0x00004e29   Thumb Code     8  uart.o(.text)
    UARTRxErrorGet                           0x00004e31   Thumb Code     8  uart.o(.text)
    UARTRxErrorClear                         0x00004e39   Thumb Code     6  uart.o(.text)
    UARTClockSourceSet                       0x00004e3f   Thumb Code     6  uart.o(.text)
    UARTClockSourceGet                       0x00004e45   Thumb Code     6  uart.o(.text)
    UART9BitEnable                           0x00004e4b   Thumb Code    12  uart.o(.text)
    UART9BitDisable                          0x00004e57   Thumb Code    12  uart.o(.text)
    UART9BitAddrSet                          0x00004e63   Thumb Code     8  uart.o(.text)
    UART9BitAddrSend                         0x00004e6b   Thumb Code    38  uart.o(.text)
    UARTStdioConfig                          0x00004eb9   Thumb Code    70  uartstdio.o(.text)
    UARTwrite                                0x00004eff   Thumb Code    46  uartstdio.o(.text)
    UARTgets                                 0x00004f2d   Thumb Code   106  uartstdio.o(.text)
    UARTgetc                                 0x00004f97   Thumb Code    14  uartstdio.o(.text)
    UARTvprintf                              0x00004fa5   Thumb Code   422  uartstdio.o(.text)
    UARTprintf                               0x0000514b   Thumb Code    18  uartstdio.o(.text)
    __aeabi_uldivmod                         0x00005179   Thumb Code    98  uldiv.o(.text)
    __aeabi_uidiv                            0x000051db   Thumb Code     0  uidiv.o(.text)
    __aeabi_uidivmod                         0x000051db   Thumb Code    44  uidiv.o(.text)
    __aeabi_llsl                             0x00005207   Thumb Code    30  llshl.o(.text)
    _ll_shift_l                              0x00005207   Thumb Code     0  llshl.o(.text)
    __aeabi_llsr                             0x00005225   Thumb Code    32  llushr.o(.text)
    _ll_ushift_r                             0x00005225   Thumb Code     0  llushr.o(.text)
    __scatterload                            0x00005245   Thumb Code    28  init.o(.text)
    __scatterload_rt2                        0x00005245   Thumb Code     0  init.o(.text)
    __decompress                             0x00005269   Thumb Code     0  __dczerorl.o(.text)
    __decompress0                            0x00005269   Thumb Code    58  __dczerorl.o(.text)
    __0sprintf$1                             0x000052a5   Thumb Code    34  printf1.o(i.__0sprintf$1)
    __1sprintf$1                             0x000052a5   Thumb Code     0  printf1.o(i.__0sprintf$1)
    __2sprintf                               0x000052a5   Thumb Code     0  printf1.o(i.__0sprintf$1)
    __scatterload_copy                       0x000052cd   Thumb Code    14  handlers.o(i.__scatterload_copy)
    __scatterload_null                       0x000052db   Thumb Code     2  handlers.o(i.__scatterload_null)
    __scatterload_zeroinit                   0x000052dd   Thumb Code    14  handlers.o(i.__scatterload_zeroinit)
    OSUnMapTbl                               0x000055e0   Data         256  os_core.o(.constdata)
    Region$$Table$$Base                      0x00005a00   Number         0  anon$$obj.o(Region$$Table)
    Region$$Table$$Limit                     0x00005a20   Number         0  anon$$obj.o(Region$$Table)
    CPU_TS_TmrFreq_Hz                        0x20000008   Data           4  cpu_core.o(.data)
    Mem_PoolTbl                              0x2000000c   Data           4  lib_mem.o(.data)
    OSCPUUsage                               0x20000010   Data           1  os_core.o(.data)
    OSStatRdy                                0x20000011   Data           1  os_core.o(.data)
    OSIntNesting                             0x20000012   Data           1  os_core.o(.data)
    OSLockNesting                            0x20000013   Data           1  os_core.o(.data)
    OSPrioCur                                0x20000014   Data           1  os_core.o(.data)
    OSPrioHighRdy                            0x20000015   Data           1  os_core.o(.data)
    OSRdyGrp                                 0x20000016   Data           1  os_core.o(.data)
    OSRunning                                0x20000017   Data           1  os_core.o(.data)
    OSTaskCtr                                0x20000018   Data           1  os_core.o(.data)
    OSTickStepState                          0x20000019   Data           1  os_core.o(.data)
    OSTaskRegNextAvailID                     0x2000001a   Data           1  os_core.o(.data)
    OSCtxSwCtr                               0x2000001c   Data           4  os_core.o(.data)
    OSEventFreeList                          0x20000020   Data           4  os_core.o(.data)
    OSIdleCtrMax                             0x20000024   Data           4  os_core.o(.data)
    OSIdleCtrRun                             0x20000028   Data           4  os_core.o(.data)
    OSIdleCtr                                0x2000002c   Data           4  os_core.o(.data)
    OSTCBCur                                 0x20000030   Data           4  os_core.o(.data)
    OSTCBFreeList                            0x20000034   Data           4  os_core.o(.data)
    OSTCBHighRdy                             0x20000038   Data           4  os_core.o(.data)
    OSTCBList                                0x2000003c   Data           4  os_core.o(.data)
    OSTime                                   0x20000040   Data           4  os_core.o(.data)
    OSRdyTbl                                 0x20000044   Data           8  os_core.o(.data)
    OSFlagFreeList                           0x2000004c   Data           4  os_core.o(.data)
    OSMemFreeList                            0x20000050   Data           4  os_core.o(.data)
    OS_CPU_ExceptStkBase                     0x20000054   Data           4  os_cpu_c.o(.data)
    CPU_Name                                 0x2000142c   Data          16  cpu_core.o(.bss)
    Mem_PoolHeap                             0x2000143c   Data          72  lib_mem.o(.bss)
    Mem_Heap                                 0x20001484   Data        1024  lib_mem.o(.bss)
    OSEventTbl                               0x20001884   Data         240  os_core.o(.bss)
    OSTaskStatStk                            0x20001974   Data         512  os_core.o(.bss)
    OSTaskIdleStk                            0x20001b74   Data         512  os_core.o(.bss)
    OSTCBPrioTbl                             0x20001d74   Data         256  os_core.o(.bss)
    OSTCBTbl                                 0x20001e74   Data        1936  os_core.o(.bss)
    OSFlagTbl                                0x20002604   Data          80  os_core.o(.bss)
    OSMemTbl                                 0x20002654   Data         120  os_core.o(.bss)
    OS_CPU_ExceptStk                         0x200026cc   Data         512  os_cpu_c.o(.bss)
    __initial_sp                             0x20002ad0   Data           0  cstartup.o(STACK)



==============================================================================

Memory Map of the image

  Image Entry point : 0x00000201

  Load Region LR_IROM1 (Base: 0x00000000, Size: 0x0000608c, Max: 0x00040000, ABSOLUTE, COMPRESSED[0x00005a30])

    Execution Region ER_IROM1 (Base: 0x00000000, Size: 0x00005a20, Max: 0x00040000, ABSOLUTE)

    Base Addr    Size         Type   Attr      Idx    E Section Name        Object

    0x00000000   0x00000200   Data   RO          242    RESET               cstartup.o
    0x00000200   0x00000000   Code   RO         1022  * .ARM.Collect$$$$00000000  mc_w.l(entry.o)
    0x00000200   0x00000004   Code   RO         1288    .ARM.Collect$$$$00000001  mc_w.l(entry2.o)
    0x00000204   0x00000004   Code   RO         1291    .ARM.Collect$$$$00000004  mc_w.l(entry5.o)
    0x00000208   0x00000000   Code   RO         1293    .ARM.Collect$$$$00000008  mc_w.l(entry7b.o)
    0x00000208   0x00000000   Code   RO         1295    .ARM.Collect$$$$0000000A  mc_w.l(entry8b.o)
    0x00000208   0x00000008   Code   RO         1296    .ARM.Collect$$$$0000000B  mc_w.l(entry9a.o)
    0x00000210   0x00000000   Code   RO         1298    .ARM.Collect$$$$0000000D  mc_w.l(entry10a.o)
    0x00000210   0x00000000   Code   RO         1300    .ARM.Collect$$$$0000000F  mc_w.l(entry11a.o)
    0x00000210   0x00000004   Code   RO         1289    .ARM.Collect$$$$00002712  mc_w.l(entry2.o)
    0x00000214   0x00000026   Code   RO          626    .emb_text           cpu.o
    0x0000023a   0x00000002   PAD
    0x0000023c   0x00000006   Code   RO          854    .emb_text           sysctl.o
    0x00000242   0x00000002   PAD
    0x00000244   0x00000184   Code   RO            1    .text               app.o
    0x000003c8   0x00000010   Code   RO           99    .text               app_hooks.o
    0x000003d8   0x000000a8   Code   RO          115    .text               bsp.o
    0x00000480   0x00000248   Code   RO          161    .text               bsp_int.o
    0x000006c8   0x000000c8   Code   RO          182    .text               bsp_led.o
    0x00000790   0x00000010   Code   RO          203    .text               bsp_sys.o
    0x000007a0   0x00000058   Code   RO          218    .text               cpu_bsp.o
    0x000007f8   0x00000018   Code   RO          243    .text               cstartup.o
    0x00000810   0x000001c0   Code   RO          248    .text               cpu_core.o
    0x000009d0   0x00000034   Code   RO          270    .text               cpu_a.o
    0x00000a04   0x00000374   Code   RO          273    .text               cpu_c.o
    0x00000d78   0x0000015a   Code   RO          289    .text               lib_ascii.o
    0x00000ed2   0x00000002   PAD
    0x00000ed4   0x00000954   Code   RO          336    .text               lib_mem.o
    0x00001828   0x000005a0   Code   RO          355    .text               lib_str.o
    0x00001dc8   0x00000220   Code   RO          373    .text               lib_mem_a.o
    0x00001fe8   0x0000091c   Code   RO          376    .text               os_core.o
    0x00002904   0x0000058c   Code   RO          401    .text               os_flag.o
    0x00002e90   0x00000354   Code   RO          414    .text               os_mbox.o
    0x000031e4   0x0000018c   Code   RO          426    .text               os_mem.o
    0x00003370   0x000006f0   Code   RO          468    .text               os_task.o
    0x00003a60   0x0000015c   Code   RO          481    .text               os_time.o
    0x00003bbc   0x000000dc   Code   RO          499    .text               os_cpu_a.o
    0x00003c98   0x00000268   Code   RO          502    .text               os_cpu_c.o
    0x00003f00   0x00000002   Code   RO          525    .text               os_dbg.o
    0x00003f02   0x00000002   PAD
    0x00003f04   0x00000538   Code   RO          692    .text               gpio.o
    0x0000443c   0x00000268   Code   RO          751    .text               interrupt.o
    0x000046a4   0x00000560   Code   RO          855    .text               sysctl.o
    0x00004c04   0x000002b4   Code   RO          928    .text               uart.o
    0x00004eb8   0x000002c0   Code   RO         1000    .text               uartstdio.o
    0x00005178   0x00000062   Code   RO         1025    .text               mc_w.l(uldiv.o)
    0x000051da   0x0000002c   Code   RO         1305    .text               mc_w.l(uidiv.o)
    0x00005206   0x0000001e   Code   RO         1307    .text               mc_w.l(llshl.o)
    0x00005224   0x00000020   Code   RO         1309    .text               mc_w.l(llushr.o)
    0x00005244   0x00000024   Code   RO         1322    .text               mc_w.l(init.o)
    0x00005268   0x0000003a   Code   RO         1338    .text               mc_w.l(__dczerorl.o)
    0x000052a2   0x00000002   PAD
    0x000052a4   0x00000028   Code   RO         1074    i.__0sprintf$1      mc_w.l(printf1.o)
    0x000052cc   0x0000000e   Code   RO         1332    i.__scatterload_copy  mc_w.l(handlers.o)
    0x000052da   0x00000002   Code   RO         1333    i.__scatterload_null  mc_w.l(handlers.o)
    0x000052dc   0x0000000e   Code   RO         1334    i.__scatterload_zeroinit  mc_w.l(handlers.o)
    0x000052ea   0x00000002   PAD
    0x000052ec   0x00000154   Code   RO         1079    i._printf_core      mc_w.l(printf1.o)
    0x00005440   0x0000000a   Code   RO         1081    i._sputc            mc_w.l(printf1.o)
    0x0000544a   0x00000100   Data   RO          250    .constdata          cpu_core.o
    0x0000554a   0x00000002   PAD
    0x0000554c   0x00000094   Data   RO          356    .constdata          lib_str.o
    0x000055e0   0x00000100   Data   RO          380    .constdata          os_core.o
    0x000056e0   0x00000138   Data   RO          693    .constdata          gpio.o
    0x00005818   0x0000010c   Data   RO          752    .constdata          interrupt.o
    0x00005924   0x0000006c   Data   RO          856    .constdata          sysctl.o
    0x00005990   0x00000040   Data   RO          929    .constdata          uart.o
    0x000059d0   0x0000001c   Data   RO         1001    .constdata          uartstdio.o
    0x000059ec   0x00000011   Data   RO         1002    .conststring        uartstdio.o
    0x000059fd   0x00000003   PAD
    0x00005a00   0x00000020   Data   RO         1330    Region$$Table       anon$$obj.o


    Execution Region RW_IRAM1 (Base: 0x20000000, Size: 0x00002ad0, Max: 0x00008000, ABSOLUTE, COMPRESSED[0x00000010])

    Base Addr    Size         Type   Attr      Idx    E Section Name        Object

    0x20000000   0x00000008   Data   RW            3    .data               app.o
    0x20000008   0x00000004   Data   RW          252    .data               cpu_core.o
    0x2000000c   0x00000004   Data   RW          338    .data               lib_mem.o
    0x20000010   0x0000003c   Data   RW          381    .data               os_core.o
    0x2000004c   0x00000004   Data   RW          382    .data               os_core.o
    0x20000050   0x00000004   Data   RW          383    .data               os_core.o
    0x20000054   0x00000004   Data   RW          504    .data               os_cpu_c.o
    0x20000058   0x00000008   Data   RW         1003    .data               uartstdio.o
    0x20000060   0x000003a0   PAD
    0x20000400   0x0000026c   Data   RW          753    vtable              interrupt.o
    0x2000066c   0x00000c00   Zero   RW            2    .bss                app.o
    0x2000126c   0x000001c0   Zero   RW          162    .bss                bsp_int.o
    0x2000142c   0x00000010   Zero   RW          249    .bss                cpu_core.o
    0x2000143c   0x00000448   Zero   RW          337    .bss                lib_mem.o
    0x20001884   0x00000d80   Zero   RW          377    .bss                os_core.o
    0x20002604   0x00000050   Zero   RW          378    .bss                os_core.o
    0x20002654   0x00000078   Zero   RW          379    .bss                os_core.o
    0x200026cc   0x00000200   Zero   RW          503    .bss                os_cpu_c.o
    0x200028cc   0x00000004   PAD
    0x200028d0   0x00000200   Zero   RW          240    STACK               cstartup.o


==============================================================================

Image component sizes


      Code (inc. data)   RO Data    RW Data    ZI Data      Debug   Object Name

       388         58          0          8       3072      25033   app.o
        16          0          0          0          0       9243   app_hooks.o
       168         62          0          0          0       8363   bsp.o
       584          8          0          0        448      14218   bsp_int.o
       200         18          0          0          0       1089   bsp_led.o
        16          6          0          0          0        588   bsp_sys.o
        38          0          0          0          0        608   cpu.o
        52          0          0          0          0        344   cpu_a.o
        88         12          0          0          0       2424   cpu_bsp.o
       884         78          0          0          0       2809   cpu_c.o
       448         12        256          4         16       6357   cpu_core.o
        24          6        512          0        512        732   cstartup.o
      1336          8        312          0          0       9910   gpio.o
       616         26        268        620          0       4604   interrupt.o
       346          0          0          0          0      14794   lib_ascii.o
      2388         40          0          4       1096      20256   lib_mem.o
       544          0          0          0          0        492   lib_mem_a.o
      1440          6        148          0          0       9096   lib_str.o
      2332         86        256         68       3656      17103   os_core.o
       220         36          0          0          0        436   os_cpu_a.o
       616        134          0          4        512      12184   os_cpu_c.o
         2          0          0          0          0        578   os_dbg.o
      1420         38          0          0          0       5494   os_flag.o
       852         20          0          0          0       3578   os_mbox.o
       396         18          0          0          0       2608   os_mem.o
      1776         72          0          0          0       6606   os_task.o
       348         28          0          0          0       1662   os_time.o
      1382         82        108          0          0       8619   sysctl.o
       692          6         64          0          0       9134   uart.o
       704         28         45          8          0       3361   uartstdio.o

    ----------------------------------------------------------------------
     20324        888       2006       1644       9316     202323   Object Totals
         0          0         32          0          0          0   (incl. Generated)
         8          0          5        928          4          0   (incl. Padding)

    ----------------------------------------------------------------------

      Code (inc. data)   RO Data    RW Data    ZI Data      Debug   Library Member Name

        58          0          0          0          0          0   __dczerorl.o
         0          0          0          0          0          0   entry.o
         0          0          0          0          0          0   entry10a.o
         0          0          0          0          0          0   entry11a.o
         8          4          0          0          0          0   entry2.o
         4          0          0          0          0          0   entry5.o
         0          0          0          0          0          0   entry7b.o
         0          0          0          0          0          0   entry8b.o
         8          4          0          0          0          0   entry9a.o
        30          0          0          0          0          0   handlers.o
        36          8          0          0          0         68   init.o
        30          0          0          0          0         68   llshl.o
        32          0          0          0          0         68   llushr.o
       390         12          0          0          0        248   printf1.o
        44          0          0          0          0         80   uidiv.o
        98          0          0          0          0         92   uldiv.o

    ----------------------------------------------------------------------
       742         28          0          0          0        624   Library Totals
         4          0          0          0          0          0   (incl. Padding)

    ----------------------------------------------------------------------

      Code (inc. data)   RO Data    RW Data    ZI Data      Debug   Library Name

       738         28          0          0          0        624   mc_w.l

    ----------------------------------------------------------------------
       742         28          0          0          0        624   Library Totals

    ----------------------------------------------------------------------

==============================================================================


      Code (inc. data)   RO Data    RW Data    ZI Data      Debug   

     21066        916       2006       1644       9316     196787   Grand Totals
     21066        916       2006         16       9316     196787   ELF Image Totals (compressed)
     21066        916       2006         16          0          0   ROM Totals

==============================================================================

    Total RO  Size (Code + RO Data)                23072 (  22.53kB)
    Total RW  Size (RW Data + ZI Data)             10960 (  10.70kB)
    Total ROM Size (Code + RO Data + RW Data)      23088 (  22.55kB)

==============================================================================

